[INFO ] 2024/04/23 12:54:33 
metrics:
  - metric: COST
    coef: 0.8
  - metric: POPULARITY_1_YEAR
    coef: 0.5
  - metric: FRESHNESS
    coef: 0.5
constraints:
  - constraint: CVE_LIMIT
    value: 0.0
releases:
  focus: ROOT
  selectors: [MORE_RECENT]
costs:
  focus: ROOT
  default: MAX # 9.99999999E7
  tool-direct: MARACAS
  tool-indirect: NONE

[INFO ] 2024/04/23 12:54:33 Get pom direct dependencies
[INFO ] 2024/04/23 12:54:34 Direct dependencies number: 6
[INFO ] 2024/04/23 12:54:34 Get direct all possibilities with transitive graph
[INFO ] 2024/04/23 12:54:35 Graph size: 2846 vertices, 8327 edges
[INFO ] 2024/04/23 12:54:35 Time to generate graph (ms): 559
[INFO ] 2024/04/23 12:54:35 Release nodes size: 2232
[INFO ] 2024/04/23 12:54:35 Artifact nodes size: 614
[INFO ] 2024/04/23 12:54:35 Dependency edges size: 6098
[INFO ] 2024/04/23 12:54:35 Version edges size: 2229
[INFO ] 2024/04/23 12:54:35 Generate change edges
[INFO ] 2024/04/23 12:54:35 Change edges size: 80
[INFO ] 2024/04/23 12:54:35 Compute change edge values
WARNING: sun.reflect.Reflection.getCallerClass is not supported. This will impact performance.
2024-04-23 12:54:35 [main] WARN  LibraryJar:193 - Found 0 pom.xml files in spring-boot-starter-test-3.1.1.jar, no classpath inferred
2024-04-23 12:54:35 [main] INFO  LibraryJar:98 - Building binary Spoon model for Library spring-boot-starter-test-3.1.1.jar [jar=/Users/pascalpoizat/Documents/Recherche/Goblin-Ecosystem/goblinUpdater/workspace/org/springframework/boot/spring-boot-starter-test/3.1.1/spring-boot-starter-test-3.1.1.jar sources=null] took 66ms
2024-04-23 12:54:35 [main] INFO  Delta:82 - Mapping JApiCmp's breaking changes to Spoon took 0ms
2024-04-23 12:54:35 [main] INFO  Maracas:90 - Δ(spring-boot-starter-test-3.1.1.jar, spring-boot-starter-test-3.1.6.jar) took 70ms
2024-04-23 12:54:36 [main] INFO  SourcesDirectory:65 - Building Spoon model for SourceDirectory /Users/pascalpoizat/Documents/Recherche/Goblin-Ecosystem/goblinUpdater/../goblinWeaver [classpath=[/Users/pascalpoizat/Documents/Recherche/Goblin-Ecosystem/goblinUpdater/workspace/org/springframework/boot/spring-boot-starter-test/3.1.1/spring-boot-starter-test-3.1.1.jar]] took 701ms
2024-04-23 12:54:36 [main] INFO  Maracas:132 - brokenUses(SourceDirectory /Users/pascalpoizat/Documents/Recherche/Goblin-Ecosystem/goblinUpdater/../goblinWeaver) took 12ms
2024-04-23 12:54:36 [main] WARN  LibraryJar:193 - Found 0 pom.xml files in spring-boot-starter-test-3.1.1.jar, no classpath inferred
2024-04-23 12:54:36 [main] INFO  LibraryJar:98 - Building binary Spoon model for Library spring-boot-starter-test-3.1.1.jar [jar=/Users/pascalpoizat/Documents/Recherche/Goblin-Ecosystem/goblinUpdater/workspace/org/springframework/boot/spring-boot-starter-test/3.1.1/spring-boot-starter-test-3.1.1.jar sources=null] took 0ms
2024-04-23 12:54:36 [main] INFO  Delta:82 - Mapping JApiCmp's breaking changes to Spoon took 0ms
2024-04-23 12:54:36 [main] INFO  Maracas:90 - Δ(spring-boot-starter-test-3.1.1.jar, spring-boot-starter-test-3.1.3.jar) took 1ms
2024-04-23 12:54:36 [main] INFO  SourcesDirectory:65 - Building Spoon model for SourceDirectory /Users/pascalpoizat/Documents/Recherche/Goblin-Ecosystem/goblinUpdater/../goblinWeaver [classpath=[/Users/pascalpoizat/Documents/Recherche/Goblin-Ecosystem/goblinUpdater/workspace/org/springframework/boot/spring-boot-starter-test/3.1.1/spring-boot-starter-test-3.1.1.jar]] took 185ms
2024-04-23 12:54:36 [main] INFO  Maracas:132 - brokenUses(SourceDirectory /Users/pascalpoizat/Documents/Recherche/Goblin-Ecosystem/goblinUpdater/../goblinWeaver) took 3ms
2024-04-23 12:54:36 [main] WARN  LibraryJar:193 - Found 0 pom.xml files in spring-boot-starter-test-3.1.1.jar, no classpath inferred
2024-04-23 12:54:36 [main] INFO  LibraryJar:98 - Building binary Spoon model for Library spring-boot-starter-test-3.1.1.jar [jar=/Users/pascalpoizat/Documents/Recherche/Goblin-Ecosystem/goblinUpdater/workspace/org/springframework/boot/spring-boot-starter-test/3.1.1/spring-boot-starter-test-3.1.1.jar sources=null] took 0ms
2024-04-23 12:54:36 [main] INFO  Delta:82 - Mapping JApiCmp's breaking changes to Spoon took 0ms
2024-04-23 12:54:36 [main] INFO  Maracas:90 - Δ(spring-boot-starter-test-3.1.1.jar, spring-boot-starter-test-2.7.17.jar) took 1ms
2024-04-23 12:54:36 [main] INFO  SourcesDirectory:65 - Building Spoon model for SourceDirectory /Users/pascalpoizat/Documents/Recherche/Goblin-Ecosystem/goblinUpdater/../goblinWeaver [classpath=[/Users/pascalpoizat/Documents/Recherche/Goblin-Ecosystem/goblinUpdater/workspace/org/springframework/boot/spring-boot-starter-test/3.1.1/spring-boot-starter-test-3.1.1.jar]] took 156ms
2024-04-23 12:54:36 [main] INFO  Maracas:132 - brokenUses(SourceDirectory /Users/pascalpoizat/Documents/Recherche/Goblin-Ecosystem/goblinUpdater/../goblinWeaver) took 3ms
2024-04-23 12:54:36 [main] WARN  LibraryJar:193 - Found 0 pom.xml files in spring-boot-starter-test-3.1.1.jar, no classpath inferred
2024-04-23 12:54:36 [main] INFO  LibraryJar:98 - Building binary Spoon model for Library spring-boot-starter-test-3.1.1.jar [jar=/Users/pascalpoizat/Documents/Recherche/Goblin-Ecosystem/goblinUpdater/workspace/org/springframework/boot/spring-boot-starter-test/3.1.1/spring-boot-starter-test-3.1.1.jar sources=null] took 0ms
2024-04-23 12:54:36 [main] INFO  Delta:82 - Mapping JApiCmp's breaking changes to Spoon took 0ms
2024-04-23 12:54:36 [main] INFO  Maracas:90 - Δ(spring-boot-starter-test-3.1.1.jar, spring-boot-starter-test-3.1.5.jar) took 0ms
2024-04-23 12:54:36 [main] INFO  SourcesDirectory:65 - Building Spoon model for SourceDirectory /Users/pascalpoizat/Documents/Recherche/Goblin-Ecosystem/goblinUpdater/../goblinWeaver [classpath=[/Users/pascalpoizat/Documents/Recherche/Goblin-Ecosystem/goblinUpdater/workspace/org/springframework/boot/spring-boot-starter-test/3.1.1/spring-boot-starter-test-3.1.1.jar]] took 129ms
2024-04-23 12:54:36 [main] INFO  Maracas:132 - brokenUses(SourceDirectory /Users/pascalpoizat/Documents/Recherche/Goblin-Ecosystem/goblinUpdater/../goblinWeaver) took 2ms
2024-04-23 12:54:36 [main] WARN  LibraryJar:193 - Found 0 pom.xml files in spring-boot-starter-test-3.1.1.jar, no classpath inferred
2024-04-23 12:54:36 [main] INFO  LibraryJar:98 - Building binary Spoon model for Library spring-boot-starter-test-3.1.1.jar [jar=/Users/pascalpoizat/Documents/Recherche/Goblin-Ecosystem/goblinUpdater/workspace/org/springframework/boot/spring-boot-starter-test/3.1.1/spring-boot-starter-test-3.1.1.jar sources=null] took 0ms
2024-04-23 12:54:36 [main] INFO  Delta:82 - Mapping JApiCmp's breaking changes to Spoon took 0ms
2024-04-23 12:54:36 [main] INFO  Maracas:90 - Δ(spring-boot-starter-test-3.1.1.jar, spring-boot-starter-test-3.0.0.jar) took 0ms
2024-04-23 12:54:36 [main] INFO  SourcesDirectory:65 - Building Spoon model for SourceDirectory /Users/pascalpoizat/Documents/Recherche/Goblin-Ecosystem/goblinUpdater/../goblinWeaver [classpath=[/Users/pascalpoizat/Documents/Recherche/Goblin-Ecosystem/goblinUpdater/workspace/org/springframework/boot/spring-boot-starter-test/3.1.1/spring-boot-starter-test-3.1.1.jar]] took 123ms
2024-04-23 12:54:36 [main] INFO  Maracas:132 - brokenUses(SourceDirectory /Users/pascalpoizat/Documents/Recherche/Goblin-Ecosystem/goblinUpdater/../goblinWeaver) took 3ms
2024-04-23 12:54:36 [main] WARN  LibraryJar:193 - Found 0 pom.xml files in spring-boot-starter-test-3.1.1.jar, no classpath inferred
2024-04-23 12:54:36 [main] INFO  LibraryJar:98 - Building binary Spoon model for Library spring-boot-starter-test-3.1.1.jar [jar=/Users/pascalpoizat/Documents/Recherche/Goblin-Ecosystem/goblinUpdater/workspace/org/springframework/boot/spring-boot-starter-test/3.1.1/spring-boot-starter-test-3.1.1.jar sources=null] took 0ms
2024-04-23 12:54:36 [main] INFO  Delta:82 - Mapping JApiCmp's breaking changes to Spoon took 0ms
2024-04-23 12:54:36 [main] INFO  Maracas:90 - Δ(spring-boot-starter-test-3.1.1.jar, spring-boot-starter-test-2.7.18.jar) took 0ms
2024-04-23 12:54:36 [main] INFO  SourcesDirectory:65 - Building Spoon model for SourceDirectory /Users/pascalpoizat/Documents/Recherche/Goblin-Ecosystem/goblinUpdater/../goblinWeaver [classpath=[/Users/pascalpoizat/Documents/Recherche/Goblin-Ecosystem/goblinUpdater/workspace/org/springframework/boot/spring-boot-starter-test/3.1.1/spring-boot-starter-test-3.1.1.jar]] took 111ms
2024-04-23 12:54:36 [main] INFO  Maracas:132 - brokenUses(SourceDirectory /Users/pascalpoizat/Documents/Recherche/Goblin-Ecosystem/goblinUpdater/../goblinWeaver) took 3ms
2024-04-23 12:54:36 [main] WARN  LibraryJar:193 - Found 0 pom.xml files in spring-boot-starter-test-3.1.1.jar, no classpath inferred
2024-04-23 12:54:36 [main] INFO  LibraryJar:98 - Building binary Spoon model for Library spring-boot-starter-test-3.1.1.jar [jar=/Users/pascalpoizat/Documents/Recherche/Goblin-Ecosystem/goblinUpdater/workspace/org/springframework/boot/spring-boot-starter-test/3.1.1/spring-boot-starter-test-3.1.1.jar sources=null] took 0ms
2024-04-23 12:54:36 [main] INFO  Delta:82 - Mapping JApiCmp's breaking changes to Spoon took 0ms
2024-04-23 12:54:36 [main] INFO  Maracas:90 - Δ(spring-boot-starter-test-3.1.1.jar, spring-boot-starter-test-2.7.15.jar) took 0ms
2024-04-23 12:54:36 [main] INFO  SourcesDirectory:65 - Building Spoon model for SourceDirectory /Users/pascalpoizat/Documents/Recherche/Goblin-Ecosystem/goblinUpdater/../goblinWeaver [classpath=[/Users/pascalpoizat/Documents/Recherche/Goblin-Ecosystem/goblinUpdater/workspace/org/springframework/boot/spring-boot-starter-test/3.1.1/spring-boot-starter-test-3.1.1.jar]] took 107ms
2024-04-23 12:54:36 [main] INFO  Maracas:132 - brokenUses(SourceDirectory /Users/pascalpoizat/Documents/Recherche/Goblin-Ecosystem/goblinUpdater/../goblinWeaver) took 2ms
2024-04-23 12:54:36 [main] WARN  LibraryJar:193 - Found 0 pom.xml files in spring-boot-starter-test-3.1.1.jar, no classpath inferred
2024-04-23 12:54:36 [main] INFO  LibraryJar:98 - Building binary Spoon model for Library spring-boot-starter-test-3.1.1.jar [jar=/Users/pascalpoizat/Documents/Recherche/Goblin-Ecosystem/goblinUpdater/workspace/org/springframework/boot/spring-boot-starter-test/3.1.1/spring-boot-starter-test-3.1.1.jar sources=null] took 0ms
2024-04-23 12:54:36 [main] INFO  Delta:82 - Mapping JApiCmp's breaking changes to Spoon took 0ms
2024-04-23 12:54:36 [main] INFO  Maracas:90 - Δ(spring-boot-starter-test-3.1.1.jar, spring-boot-starter-test-3.2.1.jar) took 0ms
2024-04-23 12:54:37 [main] INFO  SourcesDirectory:65 - Building Spoon model for SourceDirectory /Users/pascalpoizat/Documents/Recherche/Goblin-Ecosystem/goblinUpdater/../goblinWeaver [classpath=[/Users/pascalpoizat/Documents/Recherche/Goblin-Ecosystem/goblinUpdater/workspace/org/springframework/boot/spring-boot-starter-test/3.1.1/spring-boot-starter-test-3.1.1.jar]] took 98ms
2024-04-23 12:54:37 [main] INFO  Maracas:132 - brokenUses(SourceDirectory /Users/pascalpoizat/Documents/Recherche/Goblin-Ecosystem/goblinUpdater/../goblinWeaver) took 2ms
2024-04-23 12:54:37 [main] WARN  LibraryJar:193 - Found 0 pom.xml files in spring-boot-starter-test-3.1.1.jar, no classpath inferred
2024-04-23 12:54:37 [main] INFO  LibraryJar:98 - Building binary Spoon model for Library spring-boot-starter-test-3.1.1.jar [jar=/Users/pascalpoizat/Documents/Recherche/Goblin-Ecosystem/goblinUpdater/workspace/org/springframework/boot/spring-boot-starter-test/3.1.1/spring-boot-starter-test-3.1.1.jar sources=null] took 0ms
2024-04-23 12:54:37 [main] INFO  Delta:82 - Mapping JApiCmp's breaking changes to Spoon took 0ms
2024-04-23 12:54:37 [main] INFO  Maracas:90 - Δ(spring-boot-starter-test-3.1.1.jar, spring-boot-starter-test-3.1.2.jar) took 0ms
2024-04-23 12:54:37 [main] INFO  SourcesDirectory:65 - Building Spoon model for SourceDirectory /Users/pascalpoizat/Documents/Recherche/Goblin-Ecosystem/goblinUpdater/../goblinWeaver [classpath=[/Users/pascalpoizat/Documents/Recherche/Goblin-Ecosystem/goblinUpdater/workspace/org/springframework/boot/spring-boot-starter-test/3.1.1/spring-boot-starter-test-3.1.1.jar]] took 99ms
2024-04-23 12:54:37 [main] INFO  Maracas:132 - brokenUses(SourceDirectory /Users/pascalpoizat/Documents/Recherche/Goblin-Ecosystem/goblinUpdater/../goblinWeaver) took 2ms
2024-04-23 12:54:37 [main] WARN  LibraryJar:193 - Found 0 pom.xml files in spring-boot-starter-validation-3.1.1.jar, no classpath inferred
2024-04-23 12:54:37 [main] INFO  LibraryJar:98 - Building binary Spoon model for Library spring-boot-starter-validation-3.1.1.jar [jar=/Users/pascalpoizat/Documents/Recherche/Goblin-Ecosystem/goblinUpdater/workspace/org/springframework/boot/spring-boot-starter-validation/3.1.1/spring-boot-starter-validation-3.1.1.jar sources=null] took 0ms
2024-04-23 12:54:37 [main] INFO  Delta:82 - Mapping JApiCmp's breaking changes to Spoon took 0ms
2024-04-23 12:54:37 [main] INFO  Maracas:90 - Δ(spring-boot-starter-validation-3.1.1.jar, spring-boot-starter-validation-3.0.10.jar) took 0ms
2024-04-23 12:54:37 [main] INFO  SourcesDirectory:65 - Building Spoon model for SourceDirectory /Users/pascalpoizat/Documents/Recherche/Goblin-Ecosystem/goblinUpdater/../goblinWeaver [classpath=[/Users/pascalpoizat/Documents/Recherche/Goblin-Ecosystem/goblinUpdater/workspace/org/springframework/boot/spring-boot-starter-validation/3.1.1/spring-boot-starter-validation-3.1.1.jar]] took 92ms
2024-04-23 12:54:37 [main] INFO  Maracas:132 - brokenUses(SourceDirectory /Users/pascalpoizat/Documents/Recherche/Goblin-Ecosystem/goblinUpdater/../goblinWeaver) took 3ms
2024-04-23 12:54:37 [main] WARN  LibraryJar:193 - Found 0 pom.xml files in spring-boot-starter-test-3.1.1.jar, no classpath inferred
2024-04-23 12:54:37 [main] INFO  LibraryJar:98 - Building binary Spoon model for Library spring-boot-starter-test-3.1.1.jar [jar=/Users/pascalpoizat/Documents/Recherche/Goblin-Ecosystem/goblinUpdater/workspace/org/springframework/boot/spring-boot-starter-test/3.1.1/spring-boot-starter-test-3.1.1.jar sources=null] took 0ms
2024-04-23 12:54:37 [main] INFO  Delta:82 - Mapping JApiCmp's breaking changes to Spoon took 0ms
2024-04-23 12:54:37 [main] INFO  Maracas:90 - Δ(spring-boot-starter-test-3.1.1.jar, spring-boot-starter-test-2.7.16.jar) took 0ms
2024-04-23 12:54:37 [main] INFO  SourcesDirectory:65 - Building Spoon model for SourceDirectory /Users/pascalpoizat/Documents/Recherche/Goblin-Ecosystem/goblinUpdater/../goblinWeaver [classpath=[/Users/pascalpoizat/Documents/Recherche/Goblin-Ecosystem/goblinUpdater/workspace/org/springframework/boot/spring-boot-starter-test/3.1.1/spring-boot-starter-test-3.1.1.jar]] took 101ms
2024-04-23 12:54:37 [main] INFO  Maracas:132 - brokenUses(SourceDirectory /Users/pascalpoizat/Documents/Recherche/Goblin-Ecosystem/goblinUpdater/../goblinWeaver) took 1ms
2024-04-23 12:54:37 [main] WARN  LibraryJar:193 - Found 0 pom.xml files in spring-boot-starter-test-3.1.1.jar, no classpath inferred
2024-04-23 12:54:37 [main] INFO  LibraryJar:98 - Building binary Spoon model for Library spring-boot-starter-test-3.1.1.jar [jar=/Users/pascalpoizat/Documents/Recherche/Goblin-Ecosystem/goblinUpdater/workspace/org/springframework/boot/spring-boot-starter-test/3.1.1/spring-boot-starter-test-3.1.1.jar sources=null] took 0ms
2024-04-23 12:54:37 [main] INFO  Delta:82 - Mapping JApiCmp's breaking changes to Spoon took 0ms
2024-04-23 12:54:37 [main] INFO  Maracas:90 - Δ(spring-boot-starter-test-3.1.1.jar, spring-boot-starter-test-3.0.13.jar) took 0ms
2024-04-23 12:54:37 [main] INFO  SourcesDirectory:65 - Building Spoon model for SourceDirectory /Users/pascalpoizat/Documents/Recherche/Goblin-Ecosystem/goblinUpdater/../goblinWeaver [classpath=[/Users/pascalpoizat/Documents/Recherche/Goblin-Ecosystem/goblinUpdater/workspace/org/springframework/boot/spring-boot-starter-test/3.1.1/spring-boot-starter-test-3.1.1.jar]] took 86ms
2024-04-23 12:54:37 [main] INFO  Maracas:132 - brokenUses(SourceDirectory /Users/pascalpoizat/Documents/Recherche/Goblin-Ecosystem/goblinUpdater/../goblinWeaver) took 2ms
2024-04-23 12:54:37 [main] WARN  LibraryJar:193 - Found 0 pom.xml files in spring-boot-starter-test-3.1.1.jar, no classpath inferred
2024-04-23 12:54:37 [main] INFO  LibraryJar:98 - Building binary Spoon model for Library spring-boot-starter-test-3.1.1.jar [jar=/Users/pascalpoizat/Documents/Recherche/Goblin-Ecosystem/goblinUpdater/workspace/org/springframework/boot/spring-boot-starter-test/3.1.1/spring-boot-starter-test-3.1.1.jar sources=null] took 0ms
2024-04-23 12:54:37 [main] INFO  Delta:82 - Mapping JApiCmp's breaking changes to Spoon took 0ms
2024-04-23 12:54:37 [main] INFO  Maracas:90 - Δ(spring-boot-starter-test-3.1.1.jar, spring-boot-starter-test-3.1.8.jar) took 0ms
2024-04-23 12:54:37 [main] INFO  SourcesDirectory:65 - Building Spoon model for SourceDirectory /Users/pascalpoizat/Documents/Recherche/Goblin-Ecosystem/goblinUpdater/../goblinWeaver [classpath=[/Users/pascalpoizat/Documents/Recherche/Goblin-Ecosystem/goblinUpdater/workspace/org/springframework/boot/spring-boot-starter-test/3.1.1/spring-boot-starter-test-3.1.1.jar]] took 85ms
2024-04-23 12:54:37 [main] INFO  Maracas:132 - brokenUses(SourceDirectory /Users/pascalpoizat/Documents/Recherche/Goblin-Ecosystem/goblinUpdater/../goblinWeaver) took 2ms
2024-04-23 12:54:37 [main] WARN  LibraryJar:193 - Found 0 pom.xml files in spring-boot-starter-test-3.1.1.jar, no classpath inferred
2024-04-23 12:54:37 [main] INFO  LibraryJar:98 - Building binary Spoon model for Library spring-boot-starter-test-3.1.1.jar [jar=/Users/pascalpoizat/Documents/Recherche/Goblin-Ecosystem/goblinUpdater/workspace/org/springframework/boot/spring-boot-starter-test/3.1.1/spring-boot-starter-test-3.1.1.jar sources=null] took 0ms
2024-04-23 12:54:37 [main] INFO  Delta:82 - Mapping JApiCmp's breaking changes to Spoon took 0ms
2024-04-23 12:54:37 [main] INFO  Maracas:90 - Δ(spring-boot-starter-test-3.1.1.jar, spring-boot-starter-test-3.0.9.jar) took 0ms
2024-04-23 12:54:37 [main] INFO  SourcesDirectory:65 - Building Spoon model for SourceDirectory /Users/pascalpoizat/Documents/Recherche/Goblin-Ecosystem/goblinUpdater/../goblinWeaver [classpath=[/Users/pascalpoizat/Documents/Recherche/Goblin-Ecosystem/goblinUpdater/workspace/org/springframework/boot/spring-boot-starter-test/3.1.1/spring-boot-starter-test-3.1.1.jar]] took 83ms
2024-04-23 12:54:37 [main] INFO  Maracas:132 - brokenUses(SourceDirectory /Users/pascalpoizat/Documents/Recherche/Goblin-Ecosystem/goblinUpdater/../goblinWeaver) took 2ms
2024-04-23 12:54:37 [main] WARN  LibraryJar:193 - Found 0 pom.xml files in spring-boot-starter-test-3.1.1.jar, no classpath inferred
2024-04-23 12:54:37 [main] INFO  LibraryJar:98 - Building binary Spoon model for Library spring-boot-starter-test-3.1.1.jar [jar=/Users/pascalpoizat/Documents/Recherche/Goblin-Ecosystem/goblinUpdater/workspace/org/springframework/boot/spring-boot-starter-test/3.1.1/spring-boot-starter-test-3.1.1.jar sources=null] took 0ms
2024-04-23 12:54:37 [main] INFO  Delta:82 - Mapping JApiCmp's breaking changes to Spoon took 0ms
2024-04-23 12:54:37 [main] INFO  Maracas:90 - Δ(spring-boot-starter-test-3.1.1.jar, spring-boot-starter-test-3.0.12.jar) took 0ms
2024-04-23 12:54:37 [main] INFO  SourcesDirectory:65 - Building Spoon model for SourceDirectory /Users/pascalpoizat/Documents/Recherche/Goblin-Ecosystem/goblinUpdater/../goblinWeaver [classpath=[/Users/pascalpoizat/Documents/Recherche/Goblin-Ecosystem/goblinUpdater/workspace/org/springframework/boot/spring-boot-starter-test/3.1.1/spring-boot-starter-test-3.1.1.jar]] took 85ms
2024-04-23 12:54:37 [main] INFO  Maracas:132 - brokenUses(SourceDirectory /Users/pascalpoizat/Documents/Recherche/Goblin-Ecosystem/goblinUpdater/../goblinWeaver) took 2ms
2024-04-23 12:54:37 [main] WARN  LibraryJar:193 - Found 0 pom.xml files in spring-boot-starter-test-3.1.1.jar, no classpath inferred
2024-04-23 12:54:37 [main] INFO  LibraryJar:98 - Building binary Spoon model for Library spring-boot-starter-test-3.1.1.jar [jar=/Users/pascalpoizat/Documents/Recherche/Goblin-Ecosystem/goblinUpdater/workspace/org/springframework/boot/spring-boot-starter-test/3.1.1/spring-boot-starter-test-3.1.1.jar sources=null] took 0ms
2024-04-23 12:54:37 [main] INFO  Delta:82 - Mapping JApiCmp's breaking changes to Spoon took 0ms
2024-04-23 12:54:37 [main] INFO  Maracas:90 - Δ(spring-boot-starter-test-3.1.1.jar, spring-boot-starter-test-3.1.7.jar) took 0ms
2024-04-23 12:54:37 [main] INFO  SourcesDirectory:65 - Building Spoon model for SourceDirectory /Users/pascalpoizat/Documents/Recherche/Goblin-Ecosystem/goblinUpdater/../goblinWeaver [classpath=[/Users/pascalpoizat/Documents/Recherche/Goblin-Ecosystem/goblinUpdater/workspace/org/springframework/boot/spring-boot-starter-test/3.1.1/spring-boot-starter-test-3.1.1.jar]] took 91ms
2024-04-23 12:54:37 [main] INFO  Maracas:132 - brokenUses(SourceDirectory /Users/pascalpoizat/Documents/Recherche/Goblin-Ecosystem/goblinUpdater/../goblinWeaver) took 2ms
2024-04-23 12:54:37 [main] WARN  LibraryJar:193 - Found 0 pom.xml files in spring-boot-starter-test-3.1.1.jar, no classpath inferred
2024-04-23 12:54:37 [main] INFO  LibraryJar:98 - Building binary Spoon model for Library spring-boot-starter-test-3.1.1.jar [jar=/Users/pascalpoizat/Documents/Recherche/Goblin-Ecosystem/goblinUpdater/workspace/org/springframework/boot/spring-boot-starter-test/3.1.1/spring-boot-starter-test-3.1.1.jar sources=null] took 0ms
2024-04-23 12:54:37 [main] INFO  Delta:82 - Mapping JApiCmp's breaking changes to Spoon took 0ms
2024-04-23 12:54:37 [main] INFO  Maracas:90 - Δ(spring-boot-starter-test-3.1.1.jar, spring-boot-starter-test-3.0.11.jar) took 0ms
2024-04-23 12:54:37 [main] INFO  SourcesDirectory:65 - Building Spoon model for SourceDirectory /Users/pascalpoizat/Documents/Recherche/Goblin-Ecosystem/goblinUpdater/../goblinWeaver [classpath=[/Users/pascalpoizat/Documents/Recherche/Goblin-Ecosystem/goblinUpdater/workspace/org/springframework/boot/spring-boot-starter-test/3.1.1/spring-boot-starter-test-3.1.1.jar]] took 80ms
2024-04-23 12:54:37 [main] INFO  Maracas:132 - brokenUses(SourceDirectory /Users/pascalpoizat/Documents/Recherche/Goblin-Ecosystem/goblinUpdater/../goblinWeaver) took 2ms
2024-04-23 12:54:39 [main] INFO  LibraryJar:156 - Extracting classpath from /var/folders/1r/489qkt893wq9vjxy82vplfgm0000gn/T/maracas-pom-tmp17211200854650831730/pom10000607607284510689.xml [11 entries] took 1523ms
2024-04-23 12:54:39 [main] INFO  LibraryJar:98 - Building binary Spoon model for Library neo4j-java-driver-5.6.0.jar [jar=/Users/pascalpoizat/Documents/Recherche/Goblin-Ecosystem/goblinUpdater/workspace/org/neo4j/driver/neo4j-java-driver/5.6.0/neo4j-java-driver-5.6.0.jar sources=null] took 0ms
2024-04-23 12:54:39 [main] INFO  Delta:82 - Mapping JApiCmp's breaking changes to Spoon took 68ms
2024-04-23 12:54:39 [main] INFO  Maracas:90 - Δ(neo4j-java-driver-5.6.0.jar, neo4j-java-driver-5.16.0.jar) took 290ms
2024-04-23 12:54:39 [main] INFO  SourcesDirectory:65 - Building Spoon model for SourceDirectory /Users/pascalpoizat/Documents/Recherche/Goblin-Ecosystem/goblinUpdater/../goblinWeaver [classpath=[/Users/pascalpoizat/Documents/Recherche/Goblin-Ecosystem/goblinUpdater/workspace/org/neo4j/driver/neo4j-java-driver/5.6.0/neo4j-java-driver-5.6.0.jar]] took 99ms
2024-04-23 12:54:40 [main] INFO  Maracas:132 - brokenUses(SourceDirectory /Users/pascalpoizat/Documents/Recherche/Goblin-Ecosystem/goblinUpdater/../goblinWeaver) took 234ms
2024-04-23 12:54:41 [main] INFO  LibraryJar:156 - Extracting classpath from /var/folders/1r/489qkt893wq9vjxy82vplfgm0000gn/T/maracas-pom-tmp17211200854650831730/pom4086632515174874515.xml [11 entries] took 1514ms
2024-04-23 12:54:41 [main] INFO  LibraryJar:98 - Building binary Spoon model for Library neo4j-java-driver-5.6.0.jar [jar=/Users/pascalpoizat/Documents/Recherche/Goblin-Ecosystem/goblinUpdater/workspace/org/neo4j/driver/neo4j-java-driver/5.6.0/neo4j-java-driver-5.6.0.jar sources=null] took 0ms
2024-04-23 12:54:41 [main] INFO  Delta:82 - Mapping JApiCmp's breaking changes to Spoon took 28ms
2024-04-23 12:54:41 [main] INFO  Maracas:90 - Δ(neo4j-java-driver-5.6.0.jar, neo4j-java-driver-5.9.0.jar) took 128ms
2024-04-23 12:54:41 [main] INFO  SourcesDirectory:65 - Building Spoon model for SourceDirectory /Users/pascalpoizat/Documents/Recherche/Goblin-Ecosystem/goblinUpdater/../goblinWeaver [classpath=[/Users/pascalpoizat/Documents/Recherche/Goblin-Ecosystem/goblinUpdater/workspace/org/neo4j/driver/neo4j-java-driver/5.6.0/neo4j-java-driver-5.6.0.jar]] took 89ms
2024-04-23 12:54:41 [main] INFO  Maracas:132 - brokenUses(SourceDirectory /Users/pascalpoizat/Documents/Recherche/Goblin-Ecosystem/goblinUpdater/../goblinWeaver) took 45ms
2024-04-23 12:54:43 [main] INFO  LibraryJar:156 - Extracting classpath from /var/folders/1r/489qkt893wq9vjxy82vplfgm0000gn/T/maracas-pom-tmp17211200854650831730/pom10637818536005866450.xml [11 entries] took 1517ms
2024-04-23 12:54:43 [main] INFO  LibraryJar:98 - Building binary Spoon model for Library neo4j-java-driver-5.6.0.jar [jar=/Users/pascalpoizat/Documents/Recherche/Goblin-Ecosystem/goblinUpdater/workspace/org/neo4j/driver/neo4j-java-driver/5.6.0/neo4j-java-driver-5.6.0.jar sources=null] took 0ms
2024-04-23 12:54:43 [main] INFO  Delta:82 - Mapping JApiCmp's breaking changes to Spoon took 46ms
2024-04-23 12:54:43 [main] INFO  Maracas:90 - Δ(neo4j-java-driver-5.6.0.jar, neo4j-java-driver-5.14.0.jar) took 133ms
2024-04-23 12:54:43 [main] INFO  SourcesDirectory:65 - Building Spoon model for SourceDirectory /Users/pascalpoizat/Documents/Recherche/Goblin-Ecosystem/goblinUpdater/../goblinWeaver [classpath=[/Users/pascalpoizat/Documents/Recherche/Goblin-Ecosystem/goblinUpdater/workspace/org/neo4j/driver/neo4j-java-driver/5.6.0/neo4j-java-driver-5.6.0.jar]] took 78ms
2024-04-23 12:54:43 [main] INFO  Maracas:132 - brokenUses(SourceDirectory /Users/pascalpoizat/Documents/Recherche/Goblin-Ecosystem/goblinUpdater/../goblinWeaver) took 159ms
2024-04-23 12:54:45 [main] INFO  LibraryJar:156 - Extracting classpath from /var/folders/1r/489qkt893wq9vjxy82vplfgm0000gn/T/maracas-pom-tmp17211200854650831730/pom12017355830514776962.xml [11 entries] took 1528ms
2024-04-23 12:54:45 [main] INFO  LibraryJar:98 - Building binary Spoon model for Library neo4j-java-driver-5.6.0.jar [jar=/Users/pascalpoizat/Documents/Recherche/Goblin-Ecosystem/goblinUpdater/workspace/org/neo4j/driver/neo4j-java-driver/5.6.0/neo4j-java-driver-5.6.0.jar sources=null] took 0ms
2024-04-23 12:54:45 [main] INFO  Delta:82 - Mapping JApiCmp's breaking changes to Spoon took 40ms
2024-04-23 12:54:45 [main] INFO  Maracas:90 - Δ(neo4j-java-driver-5.6.0.jar, neo4j-java-driver-5.15.0.jar) took 125ms
2024-04-23 12:54:45 [main] INFO  SourcesDirectory:65 - Building Spoon model for SourceDirectory /Users/pascalpoizat/Documents/Recherche/Goblin-Ecosystem/goblinUpdater/../goblinWeaver [classpath=[/Users/pascalpoizat/Documents/Recherche/Goblin-Ecosystem/goblinUpdater/workspace/org/neo4j/driver/neo4j-java-driver/5.6.0/neo4j-java-driver-5.6.0.jar]] took 81ms
2024-04-23 12:54:45 [main] INFO  Maracas:132 - brokenUses(SourceDirectory /Users/pascalpoizat/Documents/Recherche/Goblin-Ecosystem/goblinUpdater/../goblinWeaver) took 138ms
2024-04-23 12:54:47 [main] INFO  LibraryJar:156 - Extracting classpath from /var/folders/1r/489qkt893wq9vjxy82vplfgm0000gn/T/maracas-pom-tmp17211200854650831730/pom12056658907995583440.xml [11 entries] took 1543ms
2024-04-23 12:54:47 [main] INFO  LibraryJar:98 - Building binary Spoon model for Library neo4j-java-driver-5.6.0.jar [jar=/Users/pascalpoizat/Documents/Recherche/Goblin-Ecosystem/goblinUpdater/workspace/org/neo4j/driver/neo4j-java-driver/5.6.0/neo4j-java-driver-5.6.0.jar sources=null] took 0ms
2024-04-23 12:54:47 [main] INFO  Delta:82 - Mapping JApiCmp's breaking changes to Spoon took 38ms
2024-04-23 12:54:47 [main] INFO  Maracas:90 - Δ(neo4j-java-driver-5.6.0.jar, neo4j-java-driver-5.12.0.jar) took 115ms
2024-04-23 12:54:47 [main] INFO  SourcesDirectory:65 - Building Spoon model for SourceDirectory /Users/pascalpoizat/Documents/Recherche/Goblin-Ecosystem/goblinUpdater/../goblinWeaver [classpath=[/Users/pascalpoizat/Documents/Recherche/Goblin-Ecosystem/goblinUpdater/workspace/org/neo4j/driver/neo4j-java-driver/5.6.0/neo4j-java-driver-5.6.0.jar]] took 82ms
2024-04-23 12:54:47 [main] INFO  Maracas:132 - brokenUses(SourceDirectory /Users/pascalpoizat/Documents/Recherche/Goblin-Ecosystem/goblinUpdater/../goblinWeaver) took 122ms
2024-04-23 12:54:47 [main] WARN  LibraryJar:193 - Found 0 pom.xml files in spring-boot-starter-test-3.1.1.jar, no classpath inferred
2024-04-23 12:54:47 [main] INFO  LibraryJar:98 - Building binary Spoon model for Library spring-boot-starter-test-3.1.1.jar [jar=/Users/pascalpoizat/Documents/Recherche/Goblin-Ecosystem/goblinUpdater/workspace/org/springframework/boot/spring-boot-starter-test/3.1.1/spring-boot-starter-test-3.1.1.jar sources=null] took 0ms
2024-04-23 12:54:47 [main] INFO  Delta:82 - Mapping JApiCmp's breaking changes to Spoon took 0ms
2024-04-23 12:54:47 [main] INFO  Maracas:90 - Δ(spring-boot-starter-test-3.1.1.jar, spring-boot-starter-test-3.1.4.jar) took 0ms
2024-04-23 12:54:47 [main] INFO  SourcesDirectory:65 - Building Spoon model for SourceDirectory /Users/pascalpoizat/Documents/Recherche/Goblin-Ecosystem/goblinUpdater/../goblinWeaver [classpath=[/Users/pascalpoizat/Documents/Recherche/Goblin-Ecosystem/goblinUpdater/workspace/org/springframework/boot/spring-boot-starter-test/3.1.1/spring-boot-starter-test-3.1.1.jar]] took 74ms
2024-04-23 12:54:47 [main] INFO  Maracas:132 - brokenUses(SourceDirectory /Users/pascalpoizat/Documents/Recherche/Goblin-Ecosystem/goblinUpdater/../goblinWeaver) took 2ms
2024-04-23 12:54:49 [main] INFO  LibraryJar:156 - Extracting classpath from /var/folders/1r/489qkt893wq9vjxy82vplfgm0000gn/T/maracas-pom-tmp17211200854650831730/pom7843316738247771713.xml [11 entries] took 1522ms
2024-04-23 12:54:49 [main] INFO  LibraryJar:98 - Building binary Spoon model for Library neo4j-java-driver-5.6.0.jar [jar=/Users/pascalpoizat/Documents/Recherche/Goblin-Ecosystem/goblinUpdater/workspace/org/neo4j/driver/neo4j-java-driver/5.6.0/neo4j-java-driver-5.6.0.jar sources=null] took 0ms
2024-04-23 12:54:49 [main] INFO  Delta:82 - Mapping JApiCmp's breaking changes to Spoon took 38ms
2024-04-23 12:54:49 [main] INFO  Maracas:90 - Δ(neo4j-java-driver-5.6.0.jar, neo4j-java-driver-5.13.0.jar) took 119ms
2024-04-23 12:54:49 [main] INFO  SourcesDirectory:65 - Building Spoon model for SourceDirectory /Users/pascalpoizat/Documents/Recherche/Goblin-Ecosystem/goblinUpdater/../goblinWeaver [classpath=[/Users/pascalpoizat/Documents/Recherche/Goblin-Ecosystem/goblinUpdater/workspace/org/neo4j/driver/neo4j-java-driver/5.6.0/neo4j-java-driver-5.6.0.jar]] took 78ms
2024-04-23 12:54:49 [main] INFO  Maracas:132 - brokenUses(SourceDirectory /Users/pascalpoizat/Documents/Recherche/Goblin-Ecosystem/goblinUpdater/../goblinWeaver) took 124ms
2024-04-23 12:54:49 [main] WARN  LibraryJar:193 - Found 0 pom.xml files in spring-boot-starter-test-3.1.1.jar, no classpath inferred
2024-04-23 12:54:49 [main] INFO  LibraryJar:98 - Building binary Spoon model for Library spring-boot-starter-test-3.1.1.jar [jar=/Users/pascalpoizat/Documents/Recherche/Goblin-Ecosystem/goblinUpdater/workspace/org/springframework/boot/spring-boot-starter-test/3.1.1/spring-boot-starter-test-3.1.1.jar sources=null] took 0ms
2024-04-23 12:54:49 [main] INFO  Delta:82 - Mapping JApiCmp's breaking changes to Spoon took 0ms
2024-04-23 12:54:49 [main] INFO  Maracas:90 - Δ(spring-boot-starter-test-3.1.1.jar, spring-boot-starter-test-3.0.10.jar) took 0ms
2024-04-23 12:54:49 [main] INFO  SourcesDirectory:65 - Building Spoon model for SourceDirectory /Users/pascalpoizat/Documents/Recherche/Goblin-Ecosystem/goblinUpdater/../goblinWeaver [classpath=[/Users/pascalpoizat/Documents/Recherche/Goblin-Ecosystem/goblinUpdater/workspace/org/springframework/boot/spring-boot-starter-test/3.1.1/spring-boot-starter-test-3.1.1.jar]] took 78ms
2024-04-23 12:54:49 [main] INFO  Maracas:132 - brokenUses(SourceDirectory /Users/pascalpoizat/Documents/Recherche/Goblin-Ecosystem/goblinUpdater/../goblinWeaver) took 2ms
2024-04-23 12:54:49 [main] WARN  LibraryJar:193 - Found 0 pom.xml files in spring-boot-starter-test-3.1.1.jar, no classpath inferred
2024-04-23 12:54:49 [main] INFO  LibraryJar:98 - Building binary Spoon model for Library spring-boot-starter-test-3.1.1.jar [jar=/Users/pascalpoizat/Documents/Recherche/Goblin-Ecosystem/goblinUpdater/workspace/org/springframework/boot/spring-boot-starter-test/3.1.1/spring-boot-starter-test-3.1.1.jar sources=null] took 0ms
2024-04-23 12:54:49 [main] INFO  Delta:82 - Mapping JApiCmp's breaking changes to Spoon took 0ms
2024-04-23 12:54:49 [main] INFO  Maracas:90 - Δ(spring-boot-starter-test-3.1.1.jar, spring-boot-starter-test-2.7.14.jar) took 0ms
2024-04-23 12:54:49 [main] INFO  SourcesDirectory:65 - Building Spoon model for SourceDirectory /Users/pascalpoizat/Documents/Recherche/Goblin-Ecosystem/goblinUpdater/../goblinWeaver [classpath=[/Users/pascalpoizat/Documents/Recherche/Goblin-Ecosystem/goblinUpdater/workspace/org/springframework/boot/spring-boot-starter-test/3.1.1/spring-boot-starter-test-3.1.1.jar]] took 72ms
2024-04-23 12:54:49 [main] INFO  Maracas:132 - brokenUses(SourceDirectory /Users/pascalpoizat/Documents/Recherche/Goblin-Ecosystem/goblinUpdater/../goblinWeaver) took 2ms
2024-04-23 12:54:51 [main] INFO  LibraryJar:156 - Extracting classpath from /var/folders/1r/489qkt893wq9vjxy82vplfgm0000gn/T/maracas-pom-tmp17211200854650831730/pom1076752728578335067.xml [11 entries] took 1522ms
2024-04-23 12:54:51 [main] INFO  LibraryJar:98 - Building binary Spoon model for Library neo4j-java-driver-5.6.0.jar [jar=/Users/pascalpoizat/Documents/Recherche/Goblin-Ecosystem/goblinUpdater/workspace/org/neo4j/driver/neo4j-java-driver/5.6.0/neo4j-java-driver-5.6.0.jar sources=null] took 0ms
2024-04-23 12:54:51 [main] INFO  Delta:82 - Mapping JApiCmp's breaking changes to Spoon took 38ms
2024-04-23 12:54:51 [main] INFO  Maracas:90 - Δ(neo4j-java-driver-5.6.0.jar, neo4j-java-driver-5.11.0.jar) took 110ms
2024-04-23 12:54:51 [main] INFO  SourcesDirectory:65 - Building Spoon model for SourceDirectory /Users/pascalpoizat/Documents/Recherche/Goblin-Ecosystem/goblinUpdater/../goblinWeaver [classpath=[/Users/pascalpoizat/Documents/Recherche/Goblin-Ecosystem/goblinUpdater/workspace/org/neo4j/driver/neo4j-java-driver/5.6.0/neo4j-java-driver-5.6.0.jar]] took 79ms
2024-04-23 12:54:51 [main] INFO  Maracas:132 - brokenUses(SourceDirectory /Users/pascalpoizat/Documents/Recherche/Goblin-Ecosystem/goblinUpdater/../goblinWeaver) took 112ms
2024-04-23 12:54:51 [main] WARN  LibraryJar:193 - Found 0 pom.xml files in spring-boot-starter-test-3.1.1.jar, no classpath inferred
2024-04-23 12:54:51 [main] INFO  LibraryJar:98 - Building binary Spoon model for Library spring-boot-starter-test-3.1.1.jar [jar=/Users/pascalpoizat/Documents/Recherche/Goblin-Ecosystem/goblinUpdater/workspace/org/springframework/boot/spring-boot-starter-test/3.1.1/spring-boot-starter-test-3.1.1.jar sources=null] took 0ms
2024-04-23 12:54:51 [main] INFO  Delta:82 - Mapping JApiCmp's breaking changes to Spoon took 0ms
2024-04-23 12:54:51 [main] INFO  Maracas:90 - Δ(spring-boot-starter-test-3.1.1.jar, spring-boot-starter-test-3.2.2.jar) took 0ms
2024-04-23 12:54:51 [main] INFO  SourcesDirectory:65 - Building Spoon model for SourceDirectory /Users/pascalpoizat/Documents/Recherche/Goblin-Ecosystem/goblinUpdater/../goblinWeaver [classpath=[/Users/pascalpoizat/Documents/Recherche/Goblin-Ecosystem/goblinUpdater/workspace/org/springframework/boot/spring-boot-starter-test/3.1.1/spring-boot-starter-test-3.1.1.jar]] took 66ms
2024-04-23 12:54:51 [main] INFO  Maracas:132 - brokenUses(SourceDirectory /Users/pascalpoizat/Documents/Recherche/Goblin-Ecosystem/goblinUpdater/../goblinWeaver) took 1ms
2024-04-23 12:54:53 [main] INFO  LibraryJar:156 - Extracting classpath from /var/folders/1r/489qkt893wq9vjxy82vplfgm0000gn/T/maracas-pom-tmp17211200854650831730/pom9296088872872731951.xml [11 entries] took 1514ms
2024-04-23 12:54:53 [main] INFO  LibraryJar:98 - Building binary Spoon model for Library neo4j-java-driver-5.6.0.jar [jar=/Users/pascalpoizat/Documents/Recherche/Goblin-Ecosystem/goblinUpdater/workspace/org/neo4j/driver/neo4j-java-driver/5.6.0/neo4j-java-driver-5.6.0.jar sources=null] took 0ms
2024-04-23 12:54:53 [main] INFO  Delta:82 - Mapping JApiCmp's breaking changes to Spoon took 23ms
2024-04-23 12:54:53 [main] INFO  Maracas:90 - Δ(neo4j-java-driver-5.6.0.jar, neo4j-java-driver-5.8.0.jar) took 92ms
2024-04-23 12:54:53 [main] INFO  SourcesDirectory:65 - Building Spoon model for SourceDirectory /Users/pascalpoizat/Documents/Recherche/Goblin-Ecosystem/goblinUpdater/../goblinWeaver [classpath=[/Users/pascalpoizat/Documents/Recherche/Goblin-Ecosystem/goblinUpdater/workspace/org/neo4j/driver/neo4j-java-driver/5.6.0/neo4j-java-driver-5.6.0.jar]] took 72ms
2024-04-23 12:54:53 [main] INFO  Maracas:132 - brokenUses(SourceDirectory /Users/pascalpoizat/Documents/Recherche/Goblin-Ecosystem/goblinUpdater/../goblinWeaver) took 31ms
2024-04-23 12:54:54 [main] INFO  LibraryJar:156 - Extracting classpath from /var/folders/1r/489qkt893wq9vjxy82vplfgm0000gn/T/maracas-pom-tmp17211200854650831730/pom8114783625426226219.xml [11 entries] took 1473ms
2024-04-23 12:54:54 [main] INFO  LibraryJar:98 - Building binary Spoon model for Library neo4j-java-driver-5.6.0.jar [jar=/Users/pascalpoizat/Documents/Recherche/Goblin-Ecosystem/goblinUpdater/workspace/org/neo4j/driver/neo4j-java-driver/5.6.0/neo4j-java-driver-5.6.0.jar sources=null] took 0ms
2024-04-23 12:54:54 [main] INFO  Delta:82 - Mapping JApiCmp's breaking changes to Spoon took 14ms
2024-04-23 12:54:54 [main] INFO  Maracas:90 - Δ(neo4j-java-driver-5.6.0.jar, neo4j-java-driver-5.7.0.jar) took 82ms
2024-04-23 12:54:54 [main] INFO  SourcesDirectory:65 - Building Spoon model for SourceDirectory /Users/pascalpoizat/Documents/Recherche/Goblin-Ecosystem/goblinUpdater/../goblinWeaver [classpath=[/Users/pascalpoizat/Documents/Recherche/Goblin-Ecosystem/goblinUpdater/workspace/org/neo4j/driver/neo4j-java-driver/5.6.0/neo4j-java-driver-5.6.0.jar]] took 73ms
2024-04-23 12:54:54 [main] INFO  Maracas:132 - brokenUses(SourceDirectory /Users/pascalpoizat/Documents/Recherche/Goblin-Ecosystem/goblinUpdater/../goblinWeaver) took 25ms
2024-04-23 12:54:54 [main] WARN  LibraryJar:193 - Found 0 pom.xml files in spring-boot-starter-validation-3.1.1.jar, no classpath inferred
2024-04-23 12:54:54 [main] INFO  LibraryJar:98 - Building binary Spoon model for Library spring-boot-starter-validation-3.1.1.jar [jar=/Users/pascalpoizat/Documents/Recherche/Goblin-Ecosystem/goblinUpdater/workspace/org/springframework/boot/spring-boot-starter-validation/3.1.1/spring-boot-starter-validation-3.1.1.jar sources=null] took 0ms
2024-04-23 12:54:54 [main] INFO  Delta:82 - Mapping JApiCmp's breaking changes to Spoon took 0ms
2024-04-23 12:54:54 [main] INFO  Maracas:90 - Δ(spring-boot-starter-validation-3.1.1.jar, spring-boot-starter-validation-3.2.2.jar) took 0ms
2024-04-23 12:54:54 [main] INFO  SourcesDirectory:65 - Building Spoon model for SourceDirectory /Users/pascalpoizat/Documents/Recherche/Goblin-Ecosystem/goblinUpdater/../goblinWeaver [classpath=[/Users/pascalpoizat/Documents/Recherche/Goblin-Ecosystem/goblinUpdater/workspace/org/springframework/boot/spring-boot-starter-validation/3.1.1/spring-boot-starter-validation-3.1.1.jar]] took 66ms
2024-04-23 12:54:54 [main] INFO  Maracas:132 - brokenUses(SourceDirectory /Users/pascalpoizat/Documents/Recherche/Goblin-Ecosystem/goblinUpdater/../goblinWeaver) took 1ms
2024-04-23 12:54:54 [main] WARN  LibraryJar:193 - Found 0 pom.xml files in spring-boot-starter-web-3.1.1.jar, no classpath inferred
2024-04-23 12:54:54 [main] INFO  LibraryJar:98 - Building binary Spoon model for Library spring-boot-starter-web-3.1.1.jar [jar=/Users/pascalpoizat/Documents/Recherche/Goblin-Ecosystem/goblinUpdater/workspace/org/springframework/boot/spring-boot-starter-web/3.1.1/spring-boot-starter-web-3.1.1.jar sources=null] took 0ms
2024-04-23 12:54:54 [main] INFO  Delta:82 - Mapping JApiCmp's breaking changes to Spoon took 0ms
2024-04-23 12:54:54 [main] INFO  Maracas:90 - Δ(spring-boot-starter-web-3.1.1.jar, spring-boot-starter-web-3.1.2.jar) took 0ms
2024-04-23 12:54:54 [main] INFO  SourcesDirectory:65 - Building Spoon model for SourceDirectory /Users/pascalpoizat/Documents/Recherche/Goblin-Ecosystem/goblinUpdater/../goblinWeaver [classpath=[/Users/pascalpoizat/Documents/Recherche/Goblin-Ecosystem/goblinUpdater/workspace/org/springframework/boot/spring-boot-starter-web/3.1.1/spring-boot-starter-web-3.1.1.jar]] took 66ms
2024-04-23 12:54:54 [main] INFO  Maracas:132 - brokenUses(SourceDirectory /Users/pascalpoizat/Documents/Recherche/Goblin-Ecosystem/goblinUpdater/../goblinWeaver) took 2ms
2024-04-23 12:54:54 [main] WARN  LibraryJar:193 - Found 0 pom.xml files in spring-boot-starter-validation-3.1.1.jar, no classpath inferred
2024-04-23 12:54:54 [main] INFO  LibraryJar:98 - Building binary Spoon model for Library spring-boot-starter-validation-3.1.1.jar [jar=/Users/pascalpoizat/Documents/Recherche/Goblin-Ecosystem/goblinUpdater/workspace/org/springframework/boot/spring-boot-starter-validation/3.1.1/spring-boot-starter-validation-3.1.1.jar sources=null] took 0ms
2024-04-23 12:54:54 [main] INFO  Delta:82 - Mapping JApiCmp's breaking changes to Spoon took 0ms
2024-04-23 12:54:54 [main] INFO  Maracas:90 - Δ(spring-boot-starter-validation-3.1.1.jar, spring-boot-starter-validation-3.1.2.jar) took 0ms
2024-04-23 12:54:55 [main] INFO  SourcesDirectory:65 - Building Spoon model for SourceDirectory /Users/pascalpoizat/Documents/Recherche/Goblin-Ecosystem/goblinUpdater/../goblinWeaver [classpath=[/Users/pascalpoizat/Documents/Recherche/Goblin-Ecosystem/goblinUpdater/workspace/org/springframework/boot/spring-boot-starter-validation/3.1.1/spring-boot-starter-validation-3.1.1.jar]] took 63ms
2024-04-23 12:54:55 [main] INFO  Maracas:132 - brokenUses(SourceDirectory /Users/pascalpoizat/Documents/Recherche/Goblin-Ecosystem/goblinUpdater/../goblinWeaver) took 1ms
2024-04-23 12:54:55 [main] WARN  LibraryJar:193 - Found 0 pom.xml files in spring-boot-starter-web-3.1.1.jar, no classpath inferred
2024-04-23 12:54:55 [main] INFO  LibraryJar:98 - Building binary Spoon model for Library spring-boot-starter-web-3.1.1.jar [jar=/Users/pascalpoizat/Documents/Recherche/Goblin-Ecosystem/goblinUpdater/workspace/org/springframework/boot/spring-boot-starter-web/3.1.1/spring-boot-starter-web-3.1.1.jar sources=null] took 0ms
2024-04-23 12:54:55 [main] INFO  Delta:82 - Mapping JApiCmp's breaking changes to Spoon took 0ms
2024-04-23 12:54:55 [main] INFO  Maracas:90 - Δ(spring-boot-starter-web-3.1.1.jar, spring-boot-starter-web-2.7.18.jar) took 0ms
2024-04-23 12:54:55 [main] INFO  SourcesDirectory:65 - Building Spoon model for SourceDirectory /Users/pascalpoizat/Documents/Recherche/Goblin-Ecosystem/goblinUpdater/../goblinWeaver [classpath=[/Users/pascalpoizat/Documents/Recherche/Goblin-Ecosystem/goblinUpdater/workspace/org/springframework/boot/spring-boot-starter-web/3.1.1/spring-boot-starter-web-3.1.1.jar]] took 69ms
2024-04-23 12:54:55 [main] INFO  Maracas:132 - brokenUses(SourceDirectory /Users/pascalpoizat/Documents/Recherche/Goblin-Ecosystem/goblinUpdater/../goblinWeaver) took 1ms
2024-04-23 12:54:55 [main] WARN  LibraryJar:193 - Found 0 pom.xml files in spring-boot-starter-validation-3.1.1.jar, no classpath inferred
2024-04-23 12:54:55 [main] INFO  LibraryJar:98 - Building binary Spoon model for Library spring-boot-starter-validation-3.1.1.jar [jar=/Users/pascalpoizat/Documents/Recherche/Goblin-Ecosystem/goblinUpdater/workspace/org/springframework/boot/spring-boot-starter-validation/3.1.1/spring-boot-starter-validation-3.1.1.jar sources=null] took 0ms
2024-04-23 12:54:55 [main] INFO  Delta:82 - Mapping JApiCmp's breaking changes to Spoon took 0ms
2024-04-23 12:54:55 [main] INFO  Maracas:90 - Δ(spring-boot-starter-validation-3.1.1.jar, spring-boot-starter-validation-3.2.0.jar) took 0ms
2024-04-23 12:54:55 [main] INFO  SourcesDirectory:65 - Building Spoon model for SourceDirectory /Users/pascalpoizat/Documents/Recherche/Goblin-Ecosystem/goblinUpdater/../goblinWeaver [classpath=[/Users/pascalpoizat/Documents/Recherche/Goblin-Ecosystem/goblinUpdater/workspace/org/springframework/boot/spring-boot-starter-validation/3.1.1/spring-boot-starter-validation-3.1.1.jar]] took 63ms
2024-04-23 12:54:55 [main] INFO  Maracas:132 - brokenUses(SourceDirectory /Users/pascalpoizat/Documents/Recherche/Goblin-Ecosystem/goblinUpdater/../goblinWeaver) took 1ms
2024-04-23 12:54:55 [main] WARN  LibraryJar:193 - Found 0 pom.xml files in spring-boot-starter-web-3.1.1.jar, no classpath inferred
2024-04-23 12:54:55 [main] INFO  LibraryJar:98 - Building binary Spoon model for Library spring-boot-starter-web-3.1.1.jar [jar=/Users/pascalpoizat/Documents/Recherche/Goblin-Ecosystem/goblinUpdater/workspace/org/springframework/boot/spring-boot-starter-web/3.1.1/spring-boot-starter-web-3.1.1.jar sources=null] took 0ms
2024-04-23 12:54:55 [main] INFO  Delta:82 - Mapping JApiCmp's breaking changes to Spoon took 0ms
2024-04-23 12:54:55 [main] INFO  Maracas:90 - Δ(spring-boot-starter-web-3.1.1.jar, spring-boot-starter-web-3.1.7.jar) took 0ms
2024-04-23 12:54:55 [main] INFO  SourcesDirectory:65 - Building Spoon model for SourceDirectory /Users/pascalpoizat/Documents/Recherche/Goblin-Ecosystem/goblinUpdater/../goblinWeaver [classpath=[/Users/pascalpoizat/Documents/Recherche/Goblin-Ecosystem/goblinUpdater/workspace/org/springframework/boot/spring-boot-starter-web/3.1.1/spring-boot-starter-web-3.1.1.jar]] took 63ms
2024-04-23 12:54:55 [main] INFO  Maracas:132 - brokenUses(SourceDirectory /Users/pascalpoizat/Documents/Recherche/Goblin-Ecosystem/goblinUpdater/../goblinWeaver) took 1ms
2024-04-23 12:54:55 [main] WARN  LibraryJar:193 - Found 0 pom.xml files in spring-boot-starter-validation-3.1.1.jar, no classpath inferred
2024-04-23 12:54:55 [main] INFO  LibraryJar:98 - Building binary Spoon model for Library spring-boot-starter-validation-3.1.1.jar [jar=/Users/pascalpoizat/Documents/Recherche/Goblin-Ecosystem/goblinUpdater/workspace/org/springframework/boot/spring-boot-starter-validation/3.1.1/spring-boot-starter-validation-3.1.1.jar sources=null] took 0ms
2024-04-23 12:54:55 [main] INFO  Delta:82 - Mapping JApiCmp's breaking changes to Spoon took 0ms
2024-04-23 12:54:55 [main] INFO  Maracas:90 - Δ(spring-boot-starter-validation-3.1.1.jar, spring-boot-starter-validation-3.1.3.jar) took 0ms
2024-04-23 12:54:55 [main] INFO  SourcesDirectory:65 - Building Spoon model for SourceDirectory /Users/pascalpoizat/Documents/Recherche/Goblin-Ecosystem/goblinUpdater/../goblinWeaver [classpath=[/Users/pascalpoizat/Documents/Recherche/Goblin-Ecosystem/goblinUpdater/workspace/org/springframework/boot/spring-boot-starter-validation/3.1.1/spring-boot-starter-validation-3.1.1.jar]] took 63ms
2024-04-23 12:54:55 [main] INFO  Maracas:132 - brokenUses(SourceDirectory /Users/pascalpoizat/Documents/Recherche/Goblin-Ecosystem/goblinUpdater/../goblinWeaver) took 1ms
2024-04-23 12:54:55 [main] WARN  LibraryJar:193 - Found 0 pom.xml files in spring-boot-starter-web-3.1.1.jar, no classpath inferred
2024-04-23 12:54:55 [main] INFO  LibraryJar:98 - Building binary Spoon model for Library spring-boot-starter-web-3.1.1.jar [jar=/Users/pascalpoizat/Documents/Recherche/Goblin-Ecosystem/goblinUpdater/workspace/org/springframework/boot/spring-boot-starter-web/3.1.1/spring-boot-starter-web-3.1.1.jar sources=null] took 0ms
2024-04-23 12:54:55 [main] INFO  Delta:82 - Mapping JApiCmp's breaking changes to Spoon took 0ms
2024-04-23 12:54:55 [main] INFO  Maracas:90 - Δ(spring-boot-starter-web-3.1.1.jar, spring-boot-starter-web-3.2.1.jar) took 0ms
2024-04-23 12:54:55 [main] INFO  SourcesDirectory:65 - Building Spoon model for SourceDirectory /Users/pascalpoizat/Documents/Recherche/Goblin-Ecosystem/goblinUpdater/../goblinWeaver [classpath=[/Users/pascalpoizat/Documents/Recherche/Goblin-Ecosystem/goblinUpdater/workspace/org/springframework/boot/spring-boot-starter-web/3.1.1/spring-boot-starter-web-3.1.1.jar]] took 62ms
2024-04-23 12:54:55 [main] INFO  Maracas:132 - brokenUses(SourceDirectory /Users/pascalpoizat/Documents/Recherche/Goblin-Ecosystem/goblinUpdater/../goblinWeaver) took 1ms
2024-04-23 12:54:55 [main] WARN  LibraryJar:193 - Found 0 pom.xml files in spring-boot-starter-validation-3.1.1.jar, no classpath inferred
2024-04-23 12:54:55 [main] INFO  LibraryJar:98 - Building binary Spoon model for Library spring-boot-starter-validation-3.1.1.jar [jar=/Users/pascalpoizat/Documents/Recherche/Goblin-Ecosystem/goblinUpdater/workspace/org/springframework/boot/spring-boot-starter-validation/3.1.1/spring-boot-starter-validation-3.1.1.jar sources=null] took 0ms
2024-04-23 12:54:55 [main] INFO  Delta:82 - Mapping JApiCmp's breaking changes to Spoon took 0ms
2024-04-23 12:54:55 [main] INFO  Maracas:90 - Δ(spring-boot-starter-validation-3.1.1.jar, spring-boot-starter-validation-3.1.8.jar) took 0ms
2024-04-23 12:54:55 [main] INFO  SourcesDirectory:65 - Building Spoon model for SourceDirectory /Users/pascalpoizat/Documents/Recherche/Goblin-Ecosystem/goblinUpdater/../goblinWeaver [classpath=[/Users/pascalpoizat/Documents/Recherche/Goblin-Ecosystem/goblinUpdater/workspace/org/springframework/boot/spring-boot-starter-validation/3.1.1/spring-boot-starter-validation-3.1.1.jar]] took 64ms
2024-04-23 12:54:55 [main] INFO  Maracas:132 - brokenUses(SourceDirectory /Users/pascalpoizat/Documents/Recherche/Goblin-Ecosystem/goblinUpdater/../goblinWeaver) took 1ms
2024-04-23 12:54:55 [main] WARN  LibraryJar:193 - Found 0 pom.xml files in spring-boot-starter-validation-3.1.1.jar, no classpath inferred
2024-04-23 12:54:55 [main] INFO  LibraryJar:98 - Building binary Spoon model for Library spring-boot-starter-validation-3.1.1.jar [jar=/Users/pascalpoizat/Documents/Recherche/Goblin-Ecosystem/goblinUpdater/workspace/org/springframework/boot/spring-boot-starter-validation/3.1.1/spring-boot-starter-validation-3.1.1.jar sources=null] took 0ms
2024-04-23 12:54:55 [main] INFO  Delta:82 - Mapping JApiCmp's breaking changes to Spoon took 0ms
2024-04-23 12:54:55 [main] INFO  Maracas:90 - Δ(spring-boot-starter-validation-3.1.1.jar, spring-boot-starter-validation-3.0.9.jar) took 0ms
2024-04-23 12:54:55 [main] INFO  SourcesDirectory:65 - Building Spoon model for SourceDirectory /Users/pascalpoizat/Documents/Recherche/Goblin-Ecosystem/goblinUpdater/../goblinWeaver [classpath=[/Users/pascalpoizat/Documents/Recherche/Goblin-Ecosystem/goblinUpdater/workspace/org/springframework/boot/spring-boot-starter-validation/3.1.1/spring-boot-starter-validation-3.1.1.jar]] took 65ms
2024-04-23 12:54:55 [main] INFO  Maracas:132 - brokenUses(SourceDirectory /Users/pascalpoizat/Documents/Recherche/Goblin-Ecosystem/goblinUpdater/../goblinWeaver) took 1ms
2024-04-23 12:54:55 [main] WARN  LibraryJar:193 - Found 0 pom.xml files in spring-boot-starter-validation-3.1.1.jar, no classpath inferred
2024-04-23 12:54:55 [main] INFO  LibraryJar:98 - Building binary Spoon model for Library spring-boot-starter-validation-3.1.1.jar [jar=/Users/pascalpoizat/Documents/Recherche/Goblin-Ecosystem/goblinUpdater/workspace/org/springframework/boot/spring-boot-starter-validation/3.1.1/spring-boot-starter-validation-3.1.1.jar sources=null] took 0ms
2024-04-23 12:54:55 [main] INFO  Delta:82 - Mapping JApiCmp's breaking changes to Spoon took 0ms
2024-04-23 12:54:55 [main] INFO  Maracas:90 - Δ(spring-boot-starter-validation-3.1.1.jar, spring-boot-starter-validation-3.0.12.jar) took 0ms
2024-04-23 12:54:55 [main] INFO  SourcesDirectory:65 - Building Spoon model for SourceDirectory /Users/pascalpoizat/Documents/Recherche/Goblin-Ecosystem/goblinUpdater/../goblinWeaver [classpath=[/Users/pascalpoizat/Documents/Recherche/Goblin-Ecosystem/goblinUpdater/workspace/org/springframework/boot/spring-boot-starter-validation/3.1.1/spring-boot-starter-validation-3.1.1.jar]] took 60ms
2024-04-23 12:54:55 [main] INFO  Maracas:132 - brokenUses(SourceDirectory /Users/pascalpoizat/Documents/Recherche/Goblin-Ecosystem/goblinUpdater/../goblinWeaver) took 1ms
2024-04-23 12:54:55 [main] WARN  LibraryJar:193 - Found 0 pom.xml files in spring-boot-starter-web-3.1.1.jar, no classpath inferred
2024-04-23 12:54:55 [main] INFO  LibraryJar:98 - Building binary Spoon model for Library spring-boot-starter-web-3.1.1.jar [jar=/Users/pascalpoizat/Documents/Recherche/Goblin-Ecosystem/goblinUpdater/workspace/org/springframework/boot/spring-boot-starter-web/3.1.1/spring-boot-starter-web-3.1.1.jar sources=null] took 0ms
2024-04-23 12:54:55 [main] INFO  Delta:82 - Mapping JApiCmp's breaking changes to Spoon took 0ms
2024-04-23 12:54:55 [main] INFO  Maracas:90 - Δ(spring-boot-starter-web-3.1.1.jar, spring-boot-starter-web-3.0.9.jar) took 0ms
2024-04-23 12:54:55 [main] INFO  SourcesDirectory:65 - Building Spoon model for SourceDirectory /Users/pascalpoizat/Documents/Recherche/Goblin-Ecosystem/goblinUpdater/../goblinWeaver [classpath=[/Users/pascalpoizat/Documents/Recherche/Goblin-Ecosystem/goblinUpdater/workspace/org/springframework/boot/spring-boot-starter-web/3.1.1/spring-boot-starter-web-3.1.1.jar]] took 61ms
2024-04-23 12:54:55 [main] INFO  Maracas:132 - brokenUses(SourceDirectory /Users/pascalpoizat/Documents/Recherche/Goblin-Ecosystem/goblinUpdater/../goblinWeaver) took 1ms
2024-04-23 12:54:55 [main] WARN  LibraryJar:193 - Found 0 pom.xml files in spring-boot-starter-web-3.1.1.jar, no classpath inferred
2024-04-23 12:54:55 [main] INFO  LibraryJar:98 - Building binary Spoon model for Library spring-boot-starter-web-3.1.1.jar [jar=/Users/pascalpoizat/Documents/Recherche/Goblin-Ecosystem/goblinUpdater/workspace/org/springframework/boot/spring-boot-starter-web/3.1.1/spring-boot-starter-web-3.1.1.jar sources=null] took 0ms
2024-04-23 12:54:55 [main] INFO  Delta:82 - Mapping JApiCmp's breaking changes to Spoon took 0ms
2024-04-23 12:54:55 [main] INFO  Maracas:90 - Δ(spring-boot-starter-web-3.1.1.jar, spring-boot-starter-web-3.1.5.jar) took 0ms
2024-04-23 12:54:55 [main] INFO  SourcesDirectory:65 - Building Spoon model for SourceDirectory /Users/pascalpoizat/Documents/Recherche/Goblin-Ecosystem/goblinUpdater/../goblinWeaver [classpath=[/Users/pascalpoizat/Documents/Recherche/Goblin-Ecosystem/goblinUpdater/workspace/org/springframework/boot/spring-boot-starter-web/3.1.1/spring-boot-starter-web-3.1.1.jar]] took 65ms
2024-04-23 12:54:55 [main] INFO  Maracas:132 - brokenUses(SourceDirectory /Users/pascalpoizat/Documents/Recherche/Goblin-Ecosystem/goblinUpdater/../goblinWeaver) took 1ms
2024-04-23 12:54:55 [main] WARN  LibraryJar:193 - Found 0 pom.xml files in spring-boot-starter-web-3.1.1.jar, no classpath inferred
2024-04-23 12:54:55 [main] INFO  LibraryJar:98 - Building binary Spoon model for Library spring-boot-starter-web-3.1.1.jar [jar=/Users/pascalpoizat/Documents/Recherche/Goblin-Ecosystem/goblinUpdater/workspace/org/springframework/boot/spring-boot-starter-web/3.1.1/spring-boot-starter-web-3.1.1.jar sources=null] took 0ms
2024-04-23 12:54:55 [main] INFO  Delta:82 - Mapping JApiCmp's breaking changes to Spoon took 0ms
2024-04-23 12:54:55 [main] INFO  Maracas:90 - Δ(spring-boot-starter-web-3.1.1.jar, spring-boot-starter-web-3.1.8.jar) took 0ms
2024-04-23 12:54:55 [main] INFO  SourcesDirectory:65 - Building Spoon model for SourceDirectory /Users/pascalpoizat/Documents/Recherche/Goblin-Ecosystem/goblinUpdater/../goblinWeaver [classpath=[/Users/pascalpoizat/Documents/Recherche/Goblin-Ecosystem/goblinUpdater/workspace/org/springframework/boot/spring-boot-starter-web/3.1.1/spring-boot-starter-web-3.1.1.jar]] took 60ms
2024-04-23 12:54:55 [main] INFO  Maracas:132 - brokenUses(SourceDirectory /Users/pascalpoizat/Documents/Recherche/Goblin-Ecosystem/goblinUpdater/../goblinWeaver) took 1ms
2024-04-23 12:54:57 [main] INFO  LibraryJar:156 - Extracting classpath from /var/folders/1r/489qkt893wq9vjxy82vplfgm0000gn/T/maracas-pom-tmp17211200854650831730/pom3763554492307086706.xml [11 entries] took 1503ms
2024-04-23 12:54:59 [main] INFO  LibraryJar:98 - Building binary Spoon model for Library neo4j-java-driver-5.6.0.jar [jar=/Users/pascalpoizat/Documents/Recherche/Goblin-Ecosystem/goblinUpdater/workspace/org/neo4j/driver/neo4j-java-driver/5.6.0/neo4j-java-driver-5.6.0.jar sources=null] took 0ms
[ERROR ] 2024/04/23 12:54:59 Maracas fail:
Not allowed javaletter or keyword in identifier found. See JLS for correct identifier. Identifier: module-info
2024-04-23 12:54:59 [main] WARN  LibraryJar:193 - Found 0 pom.xml files in spring-boot-starter-validation-3.1.1.jar, no classpath inferred
2024-04-23 12:54:59 [main] INFO  LibraryJar:98 - Building binary Spoon model for Library spring-boot-starter-validation-3.1.1.jar [jar=/Users/pascalpoizat/Documents/Recherche/Goblin-Ecosystem/goblinUpdater/workspace/org/springframework/boot/spring-boot-starter-validation/3.1.1/spring-boot-starter-validation-3.1.1.jar sources=null] took 0ms
2024-04-23 12:54:59 [main] INFO  Delta:82 - Mapping JApiCmp's breaking changes to Spoon took 0ms
2024-04-23 12:54:59 [main] INFO  Maracas:90 - Δ(spring-boot-starter-validation-3.1.1.jar, spring-boot-starter-validation-3.0.13.jar) took 0ms
2024-04-23 12:54:59 [main] INFO  SourcesDirectory:65 - Building Spoon model for SourceDirectory /Users/pascalpoizat/Documents/Recherche/Goblin-Ecosystem/goblinUpdater/../goblinWeaver [classpath=[/Users/pascalpoizat/Documents/Recherche/Goblin-Ecosystem/goblinUpdater/workspace/org/springframework/boot/spring-boot-starter-validation/3.1.1/spring-boot-starter-validation-3.1.1.jar]] took 69ms
2024-04-23 12:54:59 [main] INFO  Maracas:132 - brokenUses(SourceDirectory /Users/pascalpoizat/Documents/Recherche/Goblin-Ecosystem/goblinUpdater/../goblinWeaver) took 4ms
2024-04-23 12:54:59 [main] WARN  LibraryJar:193 - Found 0 pom.xml files in spring-boot-starter-web-3.1.1.jar, no classpath inferred
2024-04-23 12:54:59 [main] INFO  LibraryJar:98 - Building binary Spoon model for Library spring-boot-starter-web-3.1.1.jar [jar=/Users/pascalpoizat/Documents/Recherche/Goblin-Ecosystem/goblinUpdater/workspace/org/springframework/boot/spring-boot-starter-web/3.1.1/spring-boot-starter-web-3.1.1.jar sources=null] took 0ms
2024-04-23 12:54:59 [main] INFO  Delta:82 - Mapping JApiCmp's breaking changes to Spoon took 0ms
2024-04-23 12:54:59 [main] INFO  Maracas:90 - Δ(spring-boot-starter-web-3.1.1.jar, spring-boot-starter-web-2.7.15.jar) took 0ms
2024-04-23 12:54:59 [main] INFO  SourcesDirectory:65 - Building Spoon model for SourceDirectory /Users/pascalpoizat/Documents/Recherche/Goblin-Ecosystem/goblinUpdater/../goblinWeaver [classpath=[/Users/pascalpoizat/Documents/Recherche/Goblin-Ecosystem/goblinUpdater/workspace/org/springframework/boot/spring-boot-starter-web/3.1.1/spring-boot-starter-web-3.1.1.jar]] took 61ms
2024-04-23 12:54:59 [main] INFO  Maracas:132 - brokenUses(SourceDirectory /Users/pascalpoizat/Documents/Recherche/Goblin-Ecosystem/goblinUpdater/../goblinWeaver) took 1ms
2024-04-23 12:54:59 [main] WARN  LibraryJar:193 - Found 0 pom.xml files in spring-boot-starter-web-3.1.1.jar, no classpath inferred
2024-04-23 12:54:59 [main] INFO  LibraryJar:98 - Building binary Spoon model for Library spring-boot-starter-web-3.1.1.jar [jar=/Users/pascalpoizat/Documents/Recherche/Goblin-Ecosystem/goblinUpdater/workspace/org/springframework/boot/spring-boot-starter-web/3.1.1/spring-boot-starter-web-3.1.1.jar sources=null] took 0ms
2024-04-23 12:54:59 [main] INFO  Delta:82 - Mapping JApiCmp's breaking changes to Spoon took 0ms
2024-04-23 12:54:59 [main] INFO  Maracas:90 - Δ(spring-boot-starter-web-3.1.1.jar, spring-boot-starter-web-3.1.6.jar) took 0ms
2024-04-23 12:54:59 [main] INFO  SourcesDirectory:65 - Building Spoon model for SourceDirectory /Users/pascalpoizat/Documents/Recherche/Goblin-Ecosystem/goblinUpdater/../goblinWeaver [classpath=[/Users/pascalpoizat/Documents/Recherche/Goblin-Ecosystem/goblinUpdater/workspace/org/springframework/boot/spring-boot-starter-web/3.1.1/spring-boot-starter-web-3.1.1.jar]] took 61ms
2024-04-23 12:54:59 [main] INFO  Maracas:132 - brokenUses(SourceDirectory /Users/pascalpoizat/Documents/Recherche/Goblin-Ecosystem/goblinUpdater/../goblinWeaver) took 1ms
2024-04-23 12:55:00 [main] INFO  LibraryJar:156 - Extracting classpath from /var/folders/1r/489qkt893wq9vjxy82vplfgm0000gn/T/maracas-pom-tmp17211200854650831730/pom9732557517944209743.xml [11 entries] took 1539ms
2024-04-23 12:55:00 [main] INFO  LibraryJar:98 - Building binary Spoon model for Library neo4j-java-driver-5.6.0.jar [jar=/Users/pascalpoizat/Documents/Recherche/Goblin-Ecosystem/goblinUpdater/workspace/org/neo4j/driver/neo4j-java-driver/5.6.0/neo4j-java-driver-5.6.0.jar sources=null] took 0ms
2024-04-23 12:55:01 [main] INFO  Delta:82 - Mapping JApiCmp's breaking changes to Spoon took 20ms
2024-04-23 12:55:01 [main] INFO  Maracas:90 - Δ(neo4j-java-driver-5.6.0.jar, neo4j-java-driver-5.10.0.jar) took 83ms
2024-04-23 12:55:01 [main] INFO  SourcesDirectory:65 - Building Spoon model for SourceDirectory /Users/pascalpoizat/Documents/Recherche/Goblin-Ecosystem/goblinUpdater/../goblinWeaver [classpath=[/Users/pascalpoizat/Documents/Recherche/Goblin-Ecosystem/goblinUpdater/workspace/org/neo4j/driver/neo4j-java-driver/5.6.0/neo4j-java-driver-5.6.0.jar]] took 64ms
2024-04-23 12:55:01 [main] INFO  Maracas:132 - brokenUses(SourceDirectory /Users/pascalpoizat/Documents/Recherche/Goblin-Ecosystem/goblinUpdater/../goblinWeaver) took 31ms
2024-04-23 12:55:02 [main] INFO  LibraryJar:156 - Extracting classpath from /var/folders/1r/489qkt893wq9vjxy82vplfgm0000gn/T/maracas-pom-tmp17211200854650831730/pom5343201398719054726.xml [43 entries] took 1364ms
2024-04-23 12:55:02 [main] INFO  LibraryJar:98 - Building binary Spoon model for Library springdoc-openapi-starter-webmvc-ui-2.2.0.jar [jar=/Users/pascalpoizat/Documents/Recherche/Goblin-Ecosystem/goblinUpdater/workspace/org/springdoc/springdoc-openapi-starter-webmvc-ui/2.2.0/springdoc-openapi-starter-webmvc-ui-2.2.0.jar sources=null] took 0ms
2024-04-23 12:55:02 [main] INFO  Delta:82 - Mapping JApiCmp's breaking changes to Spoon took 0ms
2024-04-23 12:55:02 [main] INFO  Maracas:90 - Δ(springdoc-openapi-starter-webmvc-ui-2.2.0.jar, springdoc-openapi-starter-webmvc-ui-2.3.0.jar) took 3ms
2024-04-23 12:55:02 [main] INFO  SourcesDirectory:65 - Building Spoon model for SourceDirectory /Users/pascalpoizat/Documents/Recherche/Goblin-Ecosystem/goblinUpdater/../goblinWeaver [classpath=[/Users/pascalpoizat/Documents/Recherche/Goblin-Ecosystem/goblinUpdater/workspace/org/springdoc/springdoc-openapi-starter-webmvc-ui/2.2.0/springdoc-openapi-starter-webmvc-ui-2.2.0.jar]] took 59ms
2024-04-23 12:55:02 [main] INFO  Maracas:132 - brokenUses(SourceDirectory /Users/pascalpoizat/Documents/Recherche/Goblin-Ecosystem/goblinUpdater/../goblinWeaver) took 1ms
2024-04-23 12:55:02 [main] WARN  LibraryJar:193 - Found 0 pom.xml files in spring-boot-starter-web-3.1.1.jar, no classpath inferred
2024-04-23 12:55:02 [main] INFO  LibraryJar:98 - Building binary Spoon model for Library spring-boot-starter-web-3.1.1.jar [jar=/Users/pascalpoizat/Documents/Recherche/Goblin-Ecosystem/goblinUpdater/workspace/org/springframework/boot/spring-boot-starter-web/3.1.1/spring-boot-starter-web-3.1.1.jar sources=null] took 0ms
2024-04-23 12:55:02 [main] INFO  Delta:82 - Mapping JApiCmp's breaking changes to Spoon took 0ms
2024-04-23 12:55:02 [main] INFO  Maracas:90 - Δ(spring-boot-starter-web-3.1.1.jar, spring-boot-starter-web-2.7.14.jar) took 0ms
2024-04-23 12:55:02 [main] INFO  SourcesDirectory:65 - Building Spoon model for SourceDirectory /Users/pascalpoizat/Documents/Recherche/Goblin-Ecosystem/goblinUpdater/../goblinWeaver [classpath=[/Users/pascalpoizat/Documents/Recherche/Goblin-Ecosystem/goblinUpdater/workspace/org/springframework/boot/spring-boot-starter-web/3.1.1/spring-boot-starter-web-3.1.1.jar]] took 58ms
2024-04-23 12:55:02 [main] INFO  Maracas:132 - brokenUses(SourceDirectory /Users/pascalpoizat/Documents/Recherche/Goblin-Ecosystem/goblinUpdater/../goblinWeaver) took 1ms
2024-04-23 12:55:04 [main] INFO  LibraryJar:156 - Extracting classpath from /var/folders/1r/489qkt893wq9vjxy82vplfgm0000gn/T/maracas-pom-tmp17211200854650831730/pom3959651603087663981.xml [11 entries] took 1519ms
2024-04-23 12:55:05 [main] INFO  LibraryJar:98 - Building binary Spoon model for Library neo4j-java-driver-5.6.0.jar [jar=/Users/pascalpoizat/Documents/Recherche/Goblin-Ecosystem/goblinUpdater/workspace/org/neo4j/driver/neo4j-java-driver/5.6.0/neo4j-java-driver-5.6.0.jar sources=null] took 0ms
[ERROR ] 2024/04/23 12:55:05 Maracas fail:
Not allowed javaletter or keyword in identifier found. See JLS for correct identifier. Identifier: module-info
2024-04-23 12:55:05 [main] WARN  LibraryJar:193 - Found 0 pom.xml files in spring-boot-starter-web-3.1.1.jar, no classpath inferred
2024-04-23 12:55:05 [main] INFO  LibraryJar:98 - Building binary Spoon model for Library spring-boot-starter-web-3.1.1.jar [jar=/Users/pascalpoizat/Documents/Recherche/Goblin-Ecosystem/goblinUpdater/workspace/org/springframework/boot/spring-boot-starter-web/3.1.1/spring-boot-starter-web-3.1.1.jar sources=null] took 0ms
2024-04-23 12:55:05 [main] INFO  Delta:82 - Mapping JApiCmp's breaking changes to Spoon took 0ms
2024-04-23 12:55:05 [main] INFO  Maracas:90 - Δ(spring-boot-starter-web-3.1.1.jar, spring-boot-starter-web-2.7.16.jar) took 0ms
2024-04-23 12:55:05 [main] INFO  SourcesDirectory:65 - Building Spoon model for SourceDirectory /Users/pascalpoizat/Documents/Recherche/Goblin-Ecosystem/goblinUpdater/../goblinWeaver [classpath=[/Users/pascalpoizat/Documents/Recherche/Goblin-Ecosystem/goblinUpdater/workspace/org/springframework/boot/spring-boot-starter-web/3.1.1/spring-boot-starter-web-3.1.1.jar]] took 64ms
2024-04-23 12:55:05 [main] INFO  Maracas:132 - brokenUses(SourceDirectory /Users/pascalpoizat/Documents/Recherche/Goblin-Ecosystem/goblinUpdater/../goblinWeaver) took 0ms
2024-04-23 12:55:05 [main] WARN  LibraryJar:193 - Found 0 pom.xml files in spring-boot-starter-validation-3.1.1.jar, no classpath inferred
2024-04-23 12:55:05 [main] INFO  LibraryJar:98 - Building binary Spoon model for Library spring-boot-starter-validation-3.1.1.jar [jar=/Users/pascalpoizat/Documents/Recherche/Goblin-Ecosystem/goblinUpdater/workspace/org/springframework/boot/spring-boot-starter-validation/3.1.1/spring-boot-starter-validation-3.1.1.jar sources=null] took 0ms
2024-04-23 12:55:05 [main] INFO  Delta:82 - Mapping JApiCmp's breaking changes to Spoon took 0ms
2024-04-23 12:55:05 [main] INFO  Maracas:90 - Δ(spring-boot-starter-validation-3.1.1.jar, spring-boot-starter-validation-3.1.5.jar) took 0ms
2024-04-23 12:55:05 [main] INFO  SourcesDirectory:65 - Building Spoon model for SourceDirectory /Users/pascalpoizat/Documents/Recherche/Goblin-Ecosystem/goblinUpdater/../goblinWeaver [classpath=[/Users/pascalpoizat/Documents/Recherche/Goblin-Ecosystem/goblinUpdater/workspace/org/springframework/boot/spring-boot-starter-validation/3.1.1/spring-boot-starter-validation-3.1.1.jar]] took 60ms
2024-04-23 12:55:05 [main] INFO  Maracas:132 - brokenUses(SourceDirectory /Users/pascalpoizat/Documents/Recherche/Goblin-Ecosystem/goblinUpdater/../goblinWeaver) took 1ms
2024-04-23 12:55:05 [main] WARN  LibraryJar:193 - Found 0 pom.xml files in spring-boot-starter-validation-3.1.1.jar, no classpath inferred
2024-04-23 12:55:05 [main] INFO  LibraryJar:98 - Building binary Spoon model for Library spring-boot-starter-validation-3.1.1.jar [jar=/Users/pascalpoizat/Documents/Recherche/Goblin-Ecosystem/goblinUpdater/workspace/org/springframework/boot/spring-boot-starter-validation/3.1.1/spring-boot-starter-validation-3.1.1.jar sources=null] took 0ms
2024-04-23 12:55:05 [main] INFO  Delta:82 - Mapping JApiCmp's breaking changes to Spoon took 0ms
2024-04-23 12:55:05 [main] INFO  Maracas:90 - Δ(spring-boot-starter-validation-3.1.1.jar, spring-boot-starter-validation-2.7.18.jar) took 0ms
2024-04-23 12:55:06 [main] INFO  SourcesDirectory:65 - Building Spoon model for SourceDirectory /Users/pascalpoizat/Documents/Recherche/Goblin-Ecosystem/goblinUpdater/../goblinWeaver [classpath=[/Users/pascalpoizat/Documents/Recherche/Goblin-Ecosystem/goblinUpdater/workspace/org/springframework/boot/spring-boot-starter-validation/3.1.1/spring-boot-starter-validation-3.1.1.jar]] took 60ms
2024-04-23 12:55:06 [main] INFO  Maracas:132 - brokenUses(SourceDirectory /Users/pascalpoizat/Documents/Recherche/Goblin-Ecosystem/goblinUpdater/../goblinWeaver) took 1ms
2024-04-23 12:55:06 [main] WARN  LibraryJar:193 - Found 0 pom.xml files in spring-boot-starter-web-3.1.1.jar, no classpath inferred
2024-04-23 12:55:06 [main] INFO  LibraryJar:98 - Building binary Spoon model for Library spring-boot-starter-web-3.1.1.jar [jar=/Users/pascalpoizat/Documents/Recherche/Goblin-Ecosystem/goblinUpdater/workspace/org/springframework/boot/spring-boot-starter-web/3.1.1/spring-boot-starter-web-3.1.1.jar sources=null] took 0ms
2024-04-23 12:55:06 [main] INFO  Delta:82 - Mapping JApiCmp's breaking changes to Spoon took 0ms
2024-04-23 12:55:06 [main] INFO  Maracas:90 - Δ(spring-boot-starter-web-3.1.1.jar, spring-boot-starter-web-3.0.11.jar) took 0ms
2024-04-23 12:55:06 [main] INFO  SourcesDirectory:65 - Building Spoon model for SourceDirectory /Users/pascalpoizat/Documents/Recherche/Goblin-Ecosystem/goblinUpdater/../goblinWeaver [classpath=[/Users/pascalpoizat/Documents/Recherche/Goblin-Ecosystem/goblinUpdater/workspace/org/springframework/boot/spring-boot-starter-web/3.1.1/spring-boot-starter-web-3.1.1.jar]] took 64ms
2024-04-23 12:55:06 [main] INFO  Maracas:132 - brokenUses(SourceDirectory /Users/pascalpoizat/Documents/Recherche/Goblin-Ecosystem/goblinUpdater/../goblinWeaver) took 1ms
2024-04-23 12:55:06 [main] WARN  LibraryJar:193 - Found 0 pom.xml files in spring-boot-starter-validation-3.1.1.jar, no classpath inferred
2024-04-23 12:55:06 [main] INFO  LibraryJar:98 - Building binary Spoon model for Library spring-boot-starter-validation-3.1.1.jar [jar=/Users/pascalpoizat/Documents/Recherche/Goblin-Ecosystem/goblinUpdater/workspace/org/springframework/boot/spring-boot-starter-validation/3.1.1/spring-boot-starter-validation-3.1.1.jar sources=null] took 0ms
2024-04-23 12:55:06 [main] INFO  Delta:82 - Mapping JApiCmp's breaking changes to Spoon took 0ms
2024-04-23 12:55:06 [main] INFO  Maracas:90 - Δ(spring-boot-starter-validation-3.1.1.jar, spring-boot-starter-validation-3.0.11.jar) took 0ms
2024-04-23 12:55:06 [main] INFO  SourcesDirectory:65 - Building Spoon model for SourceDirectory /Users/pascalpoizat/Documents/Recherche/Goblin-Ecosystem/goblinUpdater/../goblinWeaver [classpath=[/Users/pascalpoizat/Documents/Recherche/Goblin-Ecosystem/goblinUpdater/workspace/org/springframework/boot/spring-boot-starter-validation/3.1.1/spring-boot-starter-validation-3.1.1.jar]] took 57ms
2024-04-23 12:55:06 [main] INFO  Maracas:132 - brokenUses(SourceDirectory /Users/pascalpoizat/Documents/Recherche/Goblin-Ecosystem/goblinUpdater/../goblinWeaver) took 1ms
2024-04-23 12:55:06 [main] WARN  LibraryJar:193 - Found 0 pom.xml files in spring-boot-starter-test-3.1.1.jar, no classpath inferred
2024-04-23 12:55:06 [main] INFO  LibraryJar:98 - Building binary Spoon model for Library spring-boot-starter-test-3.1.1.jar [jar=/Users/pascalpoizat/Documents/Recherche/Goblin-Ecosystem/goblinUpdater/workspace/org/springframework/boot/spring-boot-starter-test/3.1.1/spring-boot-starter-test-3.1.1.jar sources=null] took 0ms
2024-04-23 12:55:06 [main] INFO  Delta:82 - Mapping JApiCmp's breaking changes to Spoon took 0ms
2024-04-23 12:55:06 [main] INFO  Maracas:90 - Δ(spring-boot-starter-test-3.1.1.jar, spring-boot-starter-test-3.2.0.jar) took 0ms
2024-04-23 12:55:06 [main] INFO  SourcesDirectory:65 - Building Spoon model for SourceDirectory /Users/pascalpoizat/Documents/Recherche/Goblin-Ecosystem/goblinUpdater/../goblinWeaver [classpath=[/Users/pascalpoizat/Documents/Recherche/Goblin-Ecosystem/goblinUpdater/workspace/org/springframework/boot/spring-boot-starter-test/3.1.1/spring-boot-starter-test-3.1.1.jar]] took 56ms
2024-04-23 12:55:06 [main] INFO  Maracas:132 - brokenUses(SourceDirectory /Users/pascalpoizat/Documents/Recherche/Goblin-Ecosystem/goblinUpdater/../goblinWeaver) took 1ms
2024-04-23 12:55:06 [main] WARN  LibraryJar:193 - Found 0 pom.xml files in spring-boot-starter-validation-3.1.1.jar, no classpath inferred
2024-04-23 12:55:06 [main] INFO  LibraryJar:98 - Building binary Spoon model for Library spring-boot-starter-validation-3.1.1.jar [jar=/Users/pascalpoizat/Documents/Recherche/Goblin-Ecosystem/goblinUpdater/workspace/org/springframework/boot/spring-boot-starter-validation/3.1.1/spring-boot-starter-validation-3.1.1.jar sources=null] took 0ms
2024-04-23 12:55:06 [main] INFO  Delta:82 - Mapping JApiCmp's breaking changes to Spoon took 0ms
2024-04-23 12:55:06 [main] INFO  Maracas:90 - Δ(spring-boot-starter-validation-3.1.1.jar, spring-boot-starter-validation-3.1.6.jar) took 0ms
2024-04-23 12:55:06 [main] INFO  SourcesDirectory:65 - Building Spoon model for SourceDirectory /Users/pascalpoizat/Documents/Recherche/Goblin-Ecosystem/goblinUpdater/../goblinWeaver [classpath=[/Users/pascalpoizat/Documents/Recherche/Goblin-Ecosystem/goblinUpdater/workspace/org/springframework/boot/spring-boot-starter-validation/3.1.1/spring-boot-starter-validation-3.1.1.jar]] took 62ms
2024-04-23 12:55:06 [main] INFO  Maracas:132 - brokenUses(SourceDirectory /Users/pascalpoizat/Documents/Recherche/Goblin-Ecosystem/goblinUpdater/../goblinWeaver) took 1ms
2024-04-23 12:55:06 [main] WARN  LibraryJar:193 - Found 0 pom.xml files in spring-boot-starter-web-3.1.1.jar, no classpath inferred
2024-04-23 12:55:06 [main] INFO  LibraryJar:98 - Building binary Spoon model for Library spring-boot-starter-web-3.1.1.jar [jar=/Users/pascalpoizat/Documents/Recherche/Goblin-Ecosystem/goblinUpdater/workspace/org/springframework/boot/spring-boot-starter-web/3.1.1/spring-boot-starter-web-3.1.1.jar sources=null] took 0ms
2024-04-23 12:55:06 [main] INFO  Delta:82 - Mapping JApiCmp's breaking changes to Spoon took 0ms
2024-04-23 12:55:06 [main] INFO  Maracas:90 - Δ(spring-boot-starter-web-3.1.1.jar, spring-boot-starter-web-3.0.13.jar) took 0ms
2024-04-23 12:55:06 [main] INFO  SourcesDirectory:65 - Building Spoon model for SourceDirectory /Users/pascalpoizat/Documents/Recherche/Goblin-Ecosystem/goblinUpdater/../goblinWeaver [classpath=[/Users/pascalpoizat/Documents/Recherche/Goblin-Ecosystem/goblinUpdater/workspace/org/springframework/boot/spring-boot-starter-web/3.1.1/spring-boot-starter-web-3.1.1.jar]] took 55ms
2024-04-23 12:55:06 [main] INFO  Maracas:132 - brokenUses(SourceDirectory /Users/pascalpoizat/Documents/Recherche/Goblin-Ecosystem/goblinUpdater/../goblinWeaver) took 1ms
2024-04-23 12:55:06 [main] WARN  LibraryJar:193 - Found 0 pom.xml files in spring-boot-starter-validation-3.1.1.jar, no classpath inferred
2024-04-23 12:55:06 [main] INFO  LibraryJar:98 - Building binary Spoon model for Library spring-boot-starter-validation-3.1.1.jar [jar=/Users/pascalpoizat/Documents/Recherche/Goblin-Ecosystem/goblinUpdater/workspace/org/springframework/boot/spring-boot-starter-validation/3.1.1/spring-boot-starter-validation-3.1.1.jar sources=null] took 0ms
2024-04-23 12:55:06 [main] INFO  Delta:82 - Mapping JApiCmp's breaking changes to Spoon took 0ms
2024-04-23 12:55:06 [main] INFO  Maracas:90 - Δ(spring-boot-starter-validation-3.1.1.jar, spring-boot-starter-validation-2.7.14.jar) took 0ms
2024-04-23 12:55:06 [main] INFO  SourcesDirectory:65 - Building Spoon model for SourceDirectory /Users/pascalpoizat/Documents/Recherche/Goblin-Ecosystem/goblinUpdater/../goblinWeaver [classpath=[/Users/pascalpoizat/Documents/Recherche/Goblin-Ecosystem/goblinUpdater/workspace/org/springframework/boot/spring-boot-starter-validation/3.1.1/spring-boot-starter-validation-3.1.1.jar]] took 57ms
2024-04-23 12:55:06 [main] INFO  Maracas:132 - brokenUses(SourceDirectory /Users/pascalpoizat/Documents/Recherche/Goblin-Ecosystem/goblinUpdater/../goblinWeaver) took 1ms
2024-04-23 12:55:06 [main] WARN  LibraryJar:193 - Found 0 pom.xml files in spring-boot-starter-web-3.1.1.jar, no classpath inferred
2024-04-23 12:55:06 [main] INFO  LibraryJar:98 - Building binary Spoon model for Library spring-boot-starter-web-3.1.1.jar [jar=/Users/pascalpoizat/Documents/Recherche/Goblin-Ecosystem/goblinUpdater/workspace/org/springframework/boot/spring-boot-starter-web/3.1.1/spring-boot-starter-web-3.1.1.jar sources=null] took 0ms
2024-04-23 12:55:06 [main] INFO  Delta:82 - Mapping JApiCmp's breaking changes to Spoon took 0ms
2024-04-23 12:55:06 [main] INFO  Maracas:90 - Δ(spring-boot-starter-web-3.1.1.jar, spring-boot-starter-web-3.0.12.jar) took 0ms
2024-04-23 12:55:06 [main] INFO  SourcesDirectory:65 - Building Spoon model for SourceDirectory /Users/pascalpoizat/Documents/Recherche/Goblin-Ecosystem/goblinUpdater/../goblinWeaver [classpath=[/Users/pascalpoizat/Documents/Recherche/Goblin-Ecosystem/goblinUpdater/workspace/org/springframework/boot/spring-boot-starter-web/3.1.1/spring-boot-starter-web-3.1.1.jar]] took 61ms
2024-04-23 12:55:06 [main] INFO  Maracas:132 - brokenUses(SourceDirectory /Users/pascalpoizat/Documents/Recherche/Goblin-Ecosystem/goblinUpdater/../goblinWeaver) took 1ms
2024-04-23 12:55:06 [main] WARN  LibraryJar:193 - Found 0 pom.xml files in spring-boot-starter-validation-3.1.1.jar, no classpath inferred
2024-04-23 12:55:06 [main] INFO  LibraryJar:98 - Building binary Spoon model for Library spring-boot-starter-validation-3.1.1.jar [jar=/Users/pascalpoizat/Documents/Recherche/Goblin-Ecosystem/goblinUpdater/workspace/org/springframework/boot/spring-boot-starter-validation/3.1.1/spring-boot-starter-validation-3.1.1.jar sources=null] took 0ms
2024-04-23 12:55:06 [main] INFO  Delta:82 - Mapping JApiCmp's breaking changes to Spoon took 0ms
2024-04-23 12:55:06 [main] INFO  Maracas:90 - Δ(spring-boot-starter-validation-3.1.1.jar, spring-boot-starter-validation-2.7.15.jar) took 0ms
2024-04-23 12:55:06 [main] INFO  SourcesDirectory:65 - Building Spoon model for SourceDirectory /Users/pascalpoizat/Documents/Recherche/Goblin-Ecosystem/goblinUpdater/../goblinWeaver [classpath=[/Users/pascalpoizat/Documents/Recherche/Goblin-Ecosystem/goblinUpdater/workspace/org/springframework/boot/spring-boot-starter-validation/3.1.1/spring-boot-starter-validation-3.1.1.jar]] took 57ms
2024-04-23 12:55:06 [main] INFO  Maracas:132 - brokenUses(SourceDirectory /Users/pascalpoizat/Documents/Recherche/Goblin-Ecosystem/goblinUpdater/../goblinWeaver) took 1ms
2024-04-23 12:55:06 [main] WARN  LibraryJar:193 - Found 0 pom.xml files in spring-boot-starter-validation-3.1.1.jar, no classpath inferred
2024-04-23 12:55:06 [main] INFO  LibraryJar:98 - Building binary Spoon model for Library spring-boot-starter-validation-3.1.1.jar [jar=/Users/pascalpoizat/Documents/Recherche/Goblin-Ecosystem/goblinUpdater/workspace/org/springframework/boot/spring-boot-starter-validation/3.1.1/spring-boot-starter-validation-3.1.1.jar sources=null] took 0ms
2024-04-23 12:55:06 [main] INFO  Delta:82 - Mapping JApiCmp's breaking changes to Spoon took 0ms
2024-04-23 12:55:06 [main] INFO  Maracas:90 - Δ(spring-boot-starter-validation-3.1.1.jar, spring-boot-starter-validation-3.1.7.jar) took 0ms
2024-04-23 12:55:06 [main] INFO  SourcesDirectory:65 - Building Spoon model for SourceDirectory /Users/pascalpoizat/Documents/Recherche/Goblin-Ecosystem/goblinUpdater/../goblinWeaver [classpath=[/Users/pascalpoizat/Documents/Recherche/Goblin-Ecosystem/goblinUpdater/workspace/org/springframework/boot/spring-boot-starter-validation/3.1.1/spring-boot-starter-validation-3.1.1.jar]] took 60ms
2024-04-23 12:55:06 [main] INFO  Maracas:132 - brokenUses(SourceDirectory /Users/pascalpoizat/Documents/Recherche/Goblin-Ecosystem/goblinUpdater/../goblinWeaver) took 1ms
2024-04-23 12:55:06 [main] WARN  LibraryJar:193 - Found 0 pom.xml files in spring-boot-starter-web-3.1.1.jar, no classpath inferred
2024-04-23 12:55:06 [main] INFO  LibraryJar:98 - Building binary Spoon model for Library spring-boot-starter-web-3.1.1.jar [jar=/Users/pascalpoizat/Documents/Recherche/Goblin-Ecosystem/goblinUpdater/workspace/org/springframework/boot/spring-boot-starter-web/3.1.1/spring-boot-starter-web-3.1.1.jar sources=null] took 0ms
2024-04-23 12:55:06 [main] INFO  Delta:82 - Mapping JApiCmp's breaking changes to Spoon took 0ms
2024-04-23 12:55:06 [main] INFO  Maracas:90 - Δ(spring-boot-starter-web-3.1.1.jar, spring-boot-starter-web-3.0.10.jar) took 0ms
2024-04-23 12:55:06 [main] INFO  SourcesDirectory:65 - Building Spoon model for SourceDirectory /Users/pascalpoizat/Documents/Recherche/Goblin-Ecosystem/goblinUpdater/../goblinWeaver [classpath=[/Users/pascalpoizat/Documents/Recherche/Goblin-Ecosystem/goblinUpdater/workspace/org/springframework/boot/spring-boot-starter-web/3.1.1/spring-boot-starter-web-3.1.1.jar]] took 57ms
2024-04-23 12:55:06 [main] INFO  Maracas:132 - brokenUses(SourceDirectory /Users/pascalpoizat/Documents/Recherche/Goblin-Ecosystem/goblinUpdater/../goblinWeaver) took 1ms
2024-04-23 12:55:06 [main] WARN  LibraryJar:193 - Found 0 pom.xml files in spring-boot-starter-validation-3.1.1.jar, no classpath inferred
2024-04-23 12:55:06 [main] INFO  LibraryJar:98 - Building binary Spoon model for Library spring-boot-starter-validation-3.1.1.jar [jar=/Users/pascalpoizat/Documents/Recherche/Goblin-Ecosystem/goblinUpdater/workspace/org/springframework/boot/spring-boot-starter-validation/3.1.1/spring-boot-starter-validation-3.1.1.jar sources=null] took 0ms
2024-04-23 12:55:06 [main] INFO  Delta:82 - Mapping JApiCmp's breaking changes to Spoon took 0ms
2024-04-23 12:55:06 [main] INFO  Maracas:90 - Δ(spring-boot-starter-validation-3.1.1.jar, spring-boot-starter-validation-3.1.4.jar) took 0ms
2024-04-23 12:55:06 [main] INFO  SourcesDirectory:65 - Building Spoon model for SourceDirectory /Users/pascalpoizat/Documents/Recherche/Goblin-Ecosystem/goblinUpdater/../goblinWeaver [classpath=[/Users/pascalpoizat/Documents/Recherche/Goblin-Ecosystem/goblinUpdater/workspace/org/springframework/boot/spring-boot-starter-validation/3.1.1/spring-boot-starter-validation-3.1.1.jar]] took 60ms
2024-04-23 12:55:06 [main] INFO  Maracas:132 - brokenUses(SourceDirectory /Users/pascalpoizat/Documents/Recherche/Goblin-Ecosystem/goblinUpdater/../goblinWeaver) took 1ms
2024-04-23 12:55:06 [main] WARN  LibraryJar:193 - Found 0 pom.xml files in spring-boot-starter-validation-3.1.1.jar, no classpath inferred
2024-04-23 12:55:06 [main] INFO  LibraryJar:98 - Building binary Spoon model for Library spring-boot-starter-validation-3.1.1.jar [jar=/Users/pascalpoizat/Documents/Recherche/Goblin-Ecosystem/goblinUpdater/workspace/org/springframework/boot/spring-boot-starter-validation/3.1.1/spring-boot-starter-validation-3.1.1.jar sources=null] took 0ms
2024-04-23 12:55:06 [main] INFO  Delta:82 - Mapping JApiCmp's breaking changes to Spoon took 0ms
2024-04-23 12:55:06 [main] INFO  Maracas:90 - Δ(spring-boot-starter-validation-3.1.1.jar, spring-boot-starter-validation-2.7.16.jar) took 0ms
2024-04-23 12:55:06 [main] INFO  SourcesDirectory:65 - Building Spoon model for SourceDirectory /Users/pascalpoizat/Documents/Recherche/Goblin-Ecosystem/goblinUpdater/../goblinWeaver [classpath=[/Users/pascalpoizat/Documents/Recherche/Goblin-Ecosystem/goblinUpdater/workspace/org/springframework/boot/spring-boot-starter-validation/3.1.1/spring-boot-starter-validation-3.1.1.jar]] took 57ms
2024-04-23 12:55:06 [main] INFO  Maracas:132 - brokenUses(SourceDirectory /Users/pascalpoizat/Documents/Recherche/Goblin-Ecosystem/goblinUpdater/../goblinWeaver) took 1ms
2024-04-23 12:55:06 [main] WARN  LibraryJar:193 - Found 0 pom.xml files in spring-boot-starter-web-3.1.1.jar, no classpath inferred
2024-04-23 12:55:06 [main] INFO  LibraryJar:98 - Building binary Spoon model for Library spring-boot-starter-web-3.1.1.jar [jar=/Users/pascalpoizat/Documents/Recherche/Goblin-Ecosystem/goblinUpdater/workspace/org/springframework/boot/spring-boot-starter-web/3.1.1/spring-boot-starter-web-3.1.1.jar sources=null] took 0ms
2024-04-23 12:55:06 [main] INFO  Delta:82 - Mapping JApiCmp's breaking changes to Spoon took 0ms
2024-04-23 12:55:06 [main] INFO  Maracas:90 - Δ(spring-boot-starter-web-3.1.1.jar, spring-boot-starter-web-3.2.2.jar) took 0ms
2024-04-23 12:55:06 [main] INFO  SourcesDirectory:65 - Building Spoon model for SourceDirectory /Users/pascalpoizat/Documents/Recherche/Goblin-Ecosystem/goblinUpdater/../goblinWeaver [classpath=[/Users/pascalpoizat/Documents/Recherche/Goblin-Ecosystem/goblinUpdater/workspace/org/springframework/boot/spring-boot-starter-web/3.1.1/spring-boot-starter-web-3.1.1.jar]] took 54ms
2024-04-23 12:55:06 [main] INFO  Maracas:132 - brokenUses(SourceDirectory /Users/pascalpoizat/Documents/Recherche/Goblin-Ecosystem/goblinUpdater/../goblinWeaver) took 1ms
2024-04-23 12:55:06 [main] WARN  LibraryJar:193 - Found 0 pom.xml files in spring-boot-starter-web-3.1.1.jar, no classpath inferred
2024-04-23 12:55:06 [main] INFO  LibraryJar:98 - Building binary Spoon model for Library spring-boot-starter-web-3.1.1.jar [jar=/Users/pascalpoizat/Documents/Recherche/Goblin-Ecosystem/goblinUpdater/workspace/org/springframework/boot/spring-boot-starter-web/3.1.1/spring-boot-starter-web-3.1.1.jar sources=null] took 0ms
2024-04-23 12:55:06 [main] INFO  Delta:82 - Mapping JApiCmp's breaking changes to Spoon took 0ms
2024-04-23 12:55:06 [main] INFO  Maracas:90 - Δ(spring-boot-starter-web-3.1.1.jar, spring-boot-starter-web-3.1.3.jar) took 0ms
2024-04-23 12:55:06 [main] INFO  SourcesDirectory:65 - Building Spoon model for SourceDirectory /Users/pascalpoizat/Documents/Recherche/Goblin-Ecosystem/goblinUpdater/../goblinWeaver [classpath=[/Users/pascalpoizat/Documents/Recherche/Goblin-Ecosystem/goblinUpdater/workspace/org/springframework/boot/spring-boot-starter-web/3.1.1/spring-boot-starter-web-3.1.1.jar]] took 52ms
2024-04-23 12:55:06 [main] INFO  Maracas:132 - brokenUses(SourceDirectory /Users/pascalpoizat/Documents/Recherche/Goblin-Ecosystem/goblinUpdater/../goblinWeaver) took 1ms
2024-04-23 12:55:06 [main] WARN  LibraryJar:193 - Found 0 pom.xml files in spring-boot-starter-web-3.1.1.jar, no classpath inferred
2024-04-23 12:55:06 [main] INFO  LibraryJar:98 - Building binary Spoon model for Library spring-boot-starter-web-3.1.1.jar [jar=/Users/pascalpoizat/Documents/Recherche/Goblin-Ecosystem/goblinUpdater/workspace/org/springframework/boot/spring-boot-starter-web/3.1.1/spring-boot-starter-web-3.1.1.jar sources=null] took 0ms
2024-04-23 12:55:06 [main] INFO  Delta:82 - Mapping JApiCmp's breaking changes to Spoon took 0ms
2024-04-23 12:55:06 [main] INFO  Maracas:90 - Δ(spring-boot-starter-web-3.1.1.jar, spring-boot-starter-web-2.7.17.jar) took 0ms
2024-04-23 12:55:06 [main] INFO  SourcesDirectory:65 - Building Spoon model for SourceDirectory /Users/pascalpoizat/Documents/Recherche/Goblin-Ecosystem/goblinUpdater/../goblinWeaver [classpath=[/Users/pascalpoizat/Documents/Recherche/Goblin-Ecosystem/goblinUpdater/workspace/org/springframework/boot/spring-boot-starter-web/3.1.1/spring-boot-starter-web-3.1.1.jar]] took 53ms
2024-04-23 12:55:06 [main] INFO  Maracas:132 - brokenUses(SourceDirectory /Users/pascalpoizat/Documents/Recherche/Goblin-Ecosystem/goblinUpdater/../goblinWeaver) took 4ms
2024-04-23 12:55:06 [main] WARN  LibraryJar:193 - Found 0 pom.xml files in spring-boot-starter-web-3.1.1.jar, no classpath inferred
2024-04-23 12:55:06 [main] INFO  LibraryJar:98 - Building binary Spoon model for Library spring-boot-starter-web-3.1.1.jar [jar=/Users/pascalpoizat/Documents/Recherche/Goblin-Ecosystem/goblinUpdater/workspace/org/springframework/boot/spring-boot-starter-web/3.1.1/spring-boot-starter-web-3.1.1.jar sources=null] took 0ms
2024-04-23 12:55:06 [main] INFO  Delta:82 - Mapping JApiCmp's breaking changes to Spoon took 0ms
2024-04-23 12:55:06 [main] INFO  Maracas:90 - Δ(spring-boot-starter-web-3.1.1.jar, spring-boot-starter-web-3.1.4.jar) took 0ms
2024-04-23 12:55:07 [main] INFO  SourcesDirectory:65 - Building Spoon model for SourceDirectory /Users/pascalpoizat/Documents/Recherche/Goblin-Ecosystem/goblinUpdater/../goblinWeaver [classpath=[/Users/pascalpoizat/Documents/Recherche/Goblin-Ecosystem/goblinUpdater/workspace/org/springframework/boot/spring-boot-starter-web/3.1.1/spring-boot-starter-web-3.1.1.jar]] took 55ms
2024-04-23 12:55:07 [main] INFO  Maracas:132 - brokenUses(SourceDirectory /Users/pascalpoizat/Documents/Recherche/Goblin-Ecosystem/goblinUpdater/../goblinWeaver) took 1ms
2024-04-23 12:55:07 [main] WARN  LibraryJar:193 - Found 0 pom.xml files in spring-boot-starter-validation-3.1.1.jar, no classpath inferred
2024-04-23 12:55:07 [main] INFO  LibraryJar:98 - Building binary Spoon model for Library spring-boot-starter-validation-3.1.1.jar [jar=/Users/pascalpoizat/Documents/Recherche/Goblin-Ecosystem/goblinUpdater/workspace/org/springframework/boot/spring-boot-starter-validation/3.1.1/spring-boot-starter-validation-3.1.1.jar sources=null] took 0ms
2024-04-23 12:55:07 [main] INFO  Delta:82 - Mapping JApiCmp's breaking changes to Spoon took 0ms
2024-04-23 12:55:07 [main] INFO  Maracas:90 - Δ(spring-boot-starter-validation-3.1.1.jar, spring-boot-starter-validation-3.2.1.jar) took 0ms
2024-04-23 12:55:07 [main] INFO  SourcesDirectory:65 - Building Spoon model for SourceDirectory /Users/pascalpoizat/Documents/Recherche/Goblin-Ecosystem/goblinUpdater/../goblinWeaver [classpath=[/Users/pascalpoizat/Documents/Recherche/Goblin-Ecosystem/goblinUpdater/workspace/org/springframework/boot/spring-boot-starter-validation/3.1.1/spring-boot-starter-validation-3.1.1.jar]] took 53ms
2024-04-23 12:55:07 [main] INFO  Maracas:132 - brokenUses(SourceDirectory /Users/pascalpoizat/Documents/Recherche/Goblin-Ecosystem/goblinUpdater/../goblinWeaver) took 1ms
2024-04-23 12:55:07 [main] WARN  LibraryJar:193 - Found 0 pom.xml files in spring-boot-starter-web-3.1.1.jar, no classpath inferred
2024-04-23 12:55:07 [main] INFO  LibraryJar:98 - Building binary Spoon model for Library spring-boot-starter-web-3.1.1.jar [jar=/Users/pascalpoizat/Documents/Recherche/Goblin-Ecosystem/goblinUpdater/workspace/org/springframework/boot/spring-boot-starter-web/3.1.1/spring-boot-starter-web-3.1.1.jar sources=null] took 0ms
2024-04-23 12:55:07 [main] INFO  Delta:82 - Mapping JApiCmp's breaking changes to Spoon took 0ms
2024-04-23 12:55:07 [main] INFO  Maracas:90 - Δ(spring-boot-starter-web-3.1.1.jar, spring-boot-starter-web-3.2.0.jar) took 0ms
2024-04-23 12:55:07 [main] INFO  SourcesDirectory:65 - Building Spoon model for SourceDirectory /Users/pascalpoizat/Documents/Recherche/Goblin-Ecosystem/goblinUpdater/../goblinWeaver [classpath=[/Users/pascalpoizat/Documents/Recherche/Goblin-Ecosystem/goblinUpdater/workspace/org/springframework/boot/spring-boot-starter-web/3.1.1/spring-boot-starter-web-3.1.1.jar]] took 54ms
2024-04-23 12:55:07 [main] INFO  Maracas:132 - brokenUses(SourceDirectory /Users/pascalpoizat/Documents/Recherche/Goblin-Ecosystem/goblinUpdater/../goblinWeaver) took 1ms
2024-04-23 12:55:07 [main] WARN  LibraryJar:193 - Found 0 pom.xml files in spring-boot-starter-validation-3.1.1.jar, no classpath inferred
2024-04-23 12:55:07 [main] INFO  LibraryJar:98 - Building binary Spoon model for Library spring-boot-starter-validation-3.1.1.jar [jar=/Users/pascalpoizat/Documents/Recherche/Goblin-Ecosystem/goblinUpdater/workspace/org/springframework/boot/spring-boot-starter-validation/3.1.1/spring-boot-starter-validation-3.1.1.jar sources=null] took 0ms
2024-04-23 12:55:07 [main] INFO  Delta:82 - Mapping JApiCmp's breaking changes to Spoon took 0ms
2024-04-23 12:55:07 [main] INFO  Maracas:90 - Δ(spring-boot-starter-validation-3.1.1.jar, spring-boot-starter-validation-2.7.17.jar) took 0ms
2024-04-23 12:55:07 [main] INFO  SourcesDirectory:65 - Building Spoon model for SourceDirectory /Users/pascalpoizat/Documents/Recherche/Goblin-Ecosystem/goblinUpdater/../goblinWeaver [classpath=[/Users/pascalpoizat/Documents/Recherche/Goblin-Ecosystem/goblinUpdater/workspace/org/springframework/boot/spring-boot-starter-validation/3.1.1/spring-boot-starter-validation-3.1.1.jar]] took 55ms
2024-04-23 12:55:07 [main] INFO  Maracas:132 - brokenUses(SourceDirectory /Users/pascalpoizat/Documents/Recherche/Goblin-Ecosystem/goblinUpdater/../goblinWeaver) took 1ms
[INFO ] 2024/04/23 12:55:07 Time to generate generate change edges (ms) : 32034
[INFO ] 2024/04/23 12:55:07 Time to normalize metrics (ms): 10
[INFO ] 2024/04/23 12:55:07 Initial graph quality: 748700.3021866423
[INFO ] 2024/04/23 12:55:08 6098 dependency edges
[INFO ] 2024/04/23 12:55:08 80 change edges
[INFO ] 2024/04/23 12:55:08 Problem solved
[INFO ] 2024/04/23 12:55:08 -- Computed in 744 ms
[INFO ] 2024/04/23 12:55:08 ## Solution:
[INFO ] 2024/04/23 12:55:08 (com.fasterxml.jackson.core:jackson-annotations:2.14.2) : 1.0
[INFO ] 2024/04/23 12:55:08 (org.apache.tomcat.embed:tomcat-embed-websocket:10.1.18) : 1.0
[INFO ] 2024/04/23 12:55:08 (org.junit.jupiter:junit-jupiter-params:5.9.3) : 1.0
[INFO ] 2024/04/23 12:55:08 (com.fasterxml.jackson.core:jackson-core:2.14.2) : 1.0
[INFO ] 2024/04/23 12:55:08 (org.apache.felix:org.osgi.core:1.4.0) : 1.0
[INFO ] 2024/04/23 12:55:08 (net.sf.ehcache:ehcache:2.10.9.2) : 1.0
[INFO ] 2024/04/23 12:55:08 (com.lmax:disruptor:3.4.4) : 1.0
[INFO ] 2024/04/23 12:55:08 (com.thoughtworks.xstream:xstream:1.4.20) : 1.0
[INFO ] 2024/04/23 12:55:08 (org.springframework.boot:spring-boot-configuration-processor:3.2.0) : 1.0
[INFO ] 2024/04/23 12:55:08 (xerces:xercesImpl:2.2.1) : 1.0
[INFO ] 2024/04/23 12:55:08 (io.vavr:vavr:0.10.4) : 1.0
[INFO ] 2024/04/23 12:55:08 (org.slf4j:slf4j-api:1.7.36) : 1.0
[INFO ] 2024/04/23 12:55:08 (org.codehaus.janino:janino:3.1.8) : 1.0
[INFO ] 2024/04/23 12:55:08 (aopalliance:aopalliance:1.0) : 1.0
[INFO ] 2024/04/23 12:55:08 (commons-beanutils:commons-beanutils-core:1.8.0) : 1.0
[INFO ] 2024/04/23 12:55:08 (jline:jline:2.12) : 1.0
[INFO ] 2024/04/23 12:55:08 (org.springframework.data:spring-data-rest-webmvc:4.2.0) : 1.0
[INFO ] 2024/04/23 12:55:08 (com.fasterxml.jackson.datatype:jackson-datatype-jdk8:2.15.2) : 1.0
[INFO ] 2024/04/23 12:55:08 (com.github.stephenc.jcip:jcip-annotations:1.0-1) : 1.0
[INFO ] 2024/04/23 12:55:08 (org.springframework:spring-test:6.0.13) : 1.0
[INFO ] 2024/04/23 12:55:08 (jakarta.xml.bind:jakarta.xml.bind-api:4.0.0) : 1.0
[INFO ] 2024/04/23 12:55:08 (org.apache.ant:ant-launcher:1.9.16) : 1.0
[INFO ] 2024/04/23 12:55:08 (org.apache.tomcat.embed:tomcat-embed-core:10.1.18) : 1.0
[INFO ] 2024/04/23 12:55:08 (org.reactivestreams:reactive-streams:1.0.4) : 1.0
[INFO ] 2024/04/23 12:55:08 (javax.servlet:javax.servlet-api:4.0.1) : 1.0
[INFO ] 2024/04/23 12:55:08 (org.springdoc:springdoc-openapi-starter-common:2.3.0) : 1.0
[INFO ] 2024/04/23 12:55:08 (cglib:cglib:3.3.0) : 1.0
[INFO ] 2024/04/23 12:55:08 (org.ow2.asm:asm:9.5) : 1.0
[INFO ] 2024/04/23 12:55:08 (io.netty:netty-transport-native-kqueue:4.1.51.Final) : 1.0
[INFO ] 2024/04/23 12:55:08 (org.mockito:mockito-junit-jupiter:5.3.1) : 1.0
[INFO ] 2024/04/23 12:55:08 (org.mybatis:mybatis:3.5.6) : 1.0
[INFO ] 2024/04/23 12:55:08 (dom4j:dom4j:1.4) : 1.0
[INFO ] 2024/04/23 12:55:08 (io.cloudevents:cloudevents-spring:2.2.0) : 1.0
[INFO ] 2024/04/23 12:55:08 (relaxngDatatype:relaxngDatatype:20020414) : 1.0
[INFO ] 2024/04/23 12:55:08 (jakarta.annotation:jakarta.annotation-api:2.1.1) : 1.0
[INFO ] 2024/04/23 12:55:08 (javax.activation:javax.activation-api:1.2.0) : 1.0
[INFO ] 2024/04/23 12:55:08 (commons-configuration:commons-configuration:1.6) : 1.0
[INFO ] 2024/04/23 12:55:08 (io.netty:netty-common:4.1.43.Final) : 1.0
[INFO ] 2024/04/23 12:55:08 (org.latencyutils:LatencyUtils:2.0.3) : 1.0
[INFO ] 2024/04/23 12:55:08 (org.springframework.data:spring-data-mongodb:3.4.14) : 1.0
[INFO ] 2024/04/23 12:55:08 (org.mongodb:bson:4.11.1) : 1.0
[INFO ] 2024/04/23 12:55:08 (eu.neilalexander:jnacl:1.0.0) : 1.0
[INFO ] 2024/04/23 12:55:08 (net.bytebuddy:byte-buddy-agent:1.14.9) : 1.0
[INFO ] 2024/04/23 12:55:08 (com.google.guava:guava:18.0) : 1.0
[INFO ] 2024/04/23 12:55:08 (org.jctools:jctools-core:4.0.1) : 1.0
[INFO ] 2024/04/23 12:55:08 (net.jodah:typetools:0.6.2) : 1.0
[INFO ] 2024/04/23 12:55:08 (com.github.therapi:therapi-runtime-javadoc:0.15.0) : 1.0
[INFO ] 2024/04/23 12:55:08 (org.jboss.spec.javax.transaction:jboss-transaction-api_1.2_spec:1.1.1.Final) : 1.0
[INFO ] 2024/04/23 12:55:08 (org.springframework.boot:spring-boot-starter-web:3.2.1) : 1.0
[INFO ] 2024/04/23 12:55:08 (org.codehaus.groovy:groovy-all:2.1.9) : 1.0
[INFO ] 2024/04/23 12:55:08 (io.swagger.core.v3:swagger-core-jakarta:2.2.19) : 1.0
[INFO ] 2024/04/23 12:55:08 (io.vavr:vavr-match:0.10.4) : 1.0
[INFO ] 2024/04/23 12:55:08 (saxpath:saxpath:1.0-FCS) : 1.0
[INFO ] 2024/04/23 12:55:08 (com.google.code.findbugs:jsr305:3.0.2) : 1.0
[INFO ] 2024/04/23 12:55:08 (com.fasterxml.jackson.module:jackson-module-kotlin:2.15.2) : 1.0
[INFO ] 2024/04/23 12:55:08 (io.projectreactor:reactor-core:3.5.11) : 1.0
[INFO ] 2024/04/23 12:55:08 (com.fasterxml.jackson.dataformat:jackson-dataformat-yaml:2.13.4) : 1.0
[INFO ] 2024/04/23 12:55:08 (org.objenesis:objenesis:1.3) : 1.0
[INFO ] 2024/04/23 12:55:08 (com.netflix.archaius:archaius-core:0.4.1) : 1.0
[INFO ] 2024/04/23 12:55:08 (org.junit.jupiter:junit-jupiter:5.9.3) : 1.0
[INFO ] 2024/04/23 12:55:08 (io.netty:netty-codec-http:4.1.51.Final) : 1.0
[INFO ] 2024/04/23 12:55:08 (com.google.crypto.tink:tink:1.7.0) : 1.0
[INFO ] 2024/04/23 12:55:08 (org.openjfx:javafx-base:11.0.2) : 1.0
[INFO ] 2024/04/23 12:55:08 (io.cloudevents:cloudevents-core:2.2.0) : 1.0
[INFO ] 2024/04/23 12:55:08 (org.springframework.cloud:spring-cloud-function-core:4.0.0) : 1.0
[INFO ] 2024/04/23 12:55:08 (com.querydsl:querydsl-collections:5.0.0) : 1.0
[INFO ] 2024/04/23 12:55:08 (com.querydsl:querydsl-codegen:5.0.0) : 1.0
[INFO ] 2024/04/23 12:55:08 (xerces:xmlParserAPIs:2.6.1) : 1.0
[INFO ] 2024/04/23 12:55:08 (javax.cache:cache-api:1.1.1) : 1.0
[INFO ] 2024/04/23 12:55:08 (org.yaml:snakeyaml:2.0) : 1.0
[INFO ] 2024/04/23 12:55:08 (org.jetbrains.kotlin:kotlin-stdlib-jdk8:1.8.20) : 1.0
[INFO ] 2024/04/23 12:55:08 (org.mongodb:mongodb-driver-core:4.11.1) : 1.0
[INFO ] 2024/04/23 12:55:08 (org.springframework.cloud:spring-cloud-function-web:4.0.0) : 1.0
[INFO ] 2024/04/23 12:55:08 (org.jvnet.hudson:annotation-indexer:1.2) : 1.0
[INFO ] 2024/04/23 12:55:08 (com.google.errorprone:error_prone_annotations:2.18.0) : 1.0
[INFO ] 2024/04/23 12:55:08 (org.junit.platform:junit-platform-commons:1.10.1) : 1.0
[INFO ] 2024/04/23 12:55:08 (stax:stax:1.2.0) : 1.0
[INFO ] 2024/04/23 12:55:08 (com.fasterxml.jackson.dataformat:jackson-dataformat-xml:2.13.4) : 1.0
[INFO ] 2024/04/23 12:55:08 (org.springframework.boot:spring-boot-test-autoconfigure:3.2.2) : 1.0
[INFO ] 2024/04/23 12:55:08 (com.querydsl:querydsl-apt:5.0.0) : 1.0
[INFO ] 2024/04/23 12:55:08 (io.swagger.core.v3:swagger-annotations-jakarta:2.2.19) : 1.0
[INFO ] 2024/04/23 12:55:08 (org.eclipse.jetty:jetty-jmx:9.4.53.v20231009) : 1.0
[INFO ] 2024/04/23 12:55:08 (org.springframework.hateoas:spring-hateoas:2.2.0) : 1.0
[INFO ] 2024/04/23 12:55:08 (oro:oro:2.0.8) : 1.0
[INFO ] 2024/04/23 12:55:08 (com.fasterxml.woodstox:woodstox-core:6.5.1) : 1.0
[INFO ] 2024/04/23 12:55:08 (org.jboss.logging:jboss-logging-spi:2.1.2.GA) : 1.0
[INFO ] 2024/04/23 12:55:08 (org.jetbrains.kotlinx:kotlinx-coroutines-reactor:1.4.2) : 1.0
[INFO ] 2024/04/23 12:55:08 (com.hazelcast:hazelcast:5.3.2) : 1.0
[INFO ] 2024/04/23 12:55:08 (log4j:log4j:1.2.9) : 1.0
[INFO ] 2024/04/23 12:55:08 (org.jetbrains:annotations:23.0.0) : 1.0
[INFO ] 2024/04/23 12:55:08 (org.eclipse.jetty:jetty-io:9.4.53.v20231009) : 1.0
[INFO ] 2024/04/23 12:55:08 (commons-lang:commons-lang:2.6) : 1.0
[INFO ] 2024/04/23 12:55:08 (com.jayway.jsonpath:json-path:2.8.0) : 1.0
[INFO ] 2024/04/23 12:55:08 (bsf:bsf:2.4.0) : 1.0
[INFO ] 2024/04/23 12:55:08 (org.jetbrains.kotlin:kotlin-stdlib:1.9.20) : 1.0
[INFO ] 2024/04/23 12:55:08 (com.fasterxml.jackson.datatype:jackson-datatype-hibernate6:2.15.3) : 1.0
[INFO ] 2024/04/23 12:55:08 (org.apache.groovy:groovy:4.0.15) : 1.0
[INFO ] 2024/04/23 12:55:08 (jakarta.transaction:jakarta.transaction-api:2.0.1) : 1.0
[INFO ] 2024/04/23 12:55:08 (org.bouncycastle:bcpkix-jdk15on:1.64) : 1.0
[INFO ] 2024/04/23 12:55:08 (com.thoughtworks.paranamer:paranamer:2.8) : 1.0
[INFO ] 2024/04/23 12:55:08 (commons-httpclient:commons-httpclient:3.1) : 1.0
[INFO ] 2024/04/23 12:55:08 (org.jboss.logging:jboss-logging:3.4.3.Final) : 1.0
[INFO ] 2024/04/23 12:55:08 (io.micrometer:micrometer-tracing:1.0.0) : 1.0
[INFO ] 2024/04/23 12:55:08 (cglib:cglib-nodep:2.2.2) : 1.0
[INFO ] 2024/04/23 12:55:08 (commons-beanutils:commons-beanutils:1.8.3) : 1.0
[INFO ] 2024/04/23 12:55:08 (org.eclipse.jetty:jetty-server:9.4.53.v20231009) : 1.0
[INFO ] 2024/04/23 12:55:08 (com.ning:compress-lzf:1.0.3) : 1.0
[INFO ] 2024/04/23 12:55:08 (org.springframework.security:spring-security-core:6.0.2) : 1.0
[INFO ] 2024/04/23 12:55:08 (org.springframework:spring-aop:5.3.22) : 1.0
[INFO ] 2024/04/23 12:55:08 (xom:xom:1.1) : 1.0
[INFO ] 2024/04/23 12:55:08 (org.xmlunit:xmlunit-core:2.9.1) : 1.0
[INFO ] 2024/04/23 12:55:08 (org.apache.logging.log4j:log4j-to-slf4j:2.20.0) : 1.0
[INFO ] 2024/04/23 12:55:08 (commons-collections:commons-collections:3.2.1) : 1.0
[INFO ] 2024/04/23 12:55:08 (io.netty:netty-transport:4.1.100.Final) : 1.0
[INFO ] 2024/04/23 12:55:08 (com.fasterxml:classmate:1.5.1) : 1.0
[INFO ] 2024/04/23 12:55:08 (org.springframework:spring-core:5.3.22) : 1.0
[INFO ] 2024/04/23 12:55:08 (javax.validation:validation-api:2.0.1.Final) : 1.0
[INFO ] 2024/04/23 12:55:08 (org.eclipse.jetty:jetty-util:9.4.51.v20230217) : 1.0
[INFO ] 2024/04/23 12:55:08 (logkit:logkit:1.0.1) : 1.0
[INFO ] 2024/04/23 12:55:08 (com.querydsl:codegen-utils:5.0.0) : 1.0
[INFO ] 2024/04/23 12:55:08 (org.multiverse:multiverse-core:0.7.0) : 1.0
[INFO ] 2024/04/23 12:55:08 (org.springframework:spring-jdbc:5.3.22) : 1.0
[INFO ] 2024/04/23 12:55:08 (org.springframework:spring-webflux:6.1.0) : 1.0
[INFO ] 2024/04/23 12:55:08 (net.jpountz.lz4:lz4:1.3.0) : 1.0
[INFO ] 2024/04/23 12:55:08 (com.googlecode.json-simple:json-simple:1.1.1) : 1.0
[INFO ] 2024/04/23 12:55:08 (org.codehaus.janino:commons-compiler:3.1.8) : 1.0
[INFO ] 2024/04/23 12:55:08 (org.springframework.boot:spring-boot-starter-test:2.7.18) : 1.0
[INFO ] 2024/04/23 12:55:08 (org.springframework.boot:spring-boot-actuator:3.2.0) : 1.0
[INFO ] 2024/04/23 12:55:08 (joda-time:joda-time:1.6) : 1.0
[INFO ] 2024/04/23 12:55:08 (org.codehaus.woodstox:stax2-api:4.2.1) : 1.0
[INFO ] 2024/04/23 12:55:08 (org.jetbrains.kotlinx:kotlinx-coroutines-core:1.4.2) : 1.0
[INFO ] 2024/04/23 12:55:08 (org.codehaus.gpars:gpars:1.2.1) : 1.0
[INFO ] 2024/04/23 12:55:08 (org.springframework.boot:spring-boot-starter-json:3.1.6) : 1.0
[INFO ] 2024/04/23 12:55:08 (org.springframework.data:spring-data-commons:2.5.10) : 1.0
[INFO ] 2024/04/23 12:55:08 (org.hamcrest:hamcrest:2.2) : 1.0
[INFO ] 2024/04/23 12:55:08 (org.zeromq:jeromq:0.5.3) : 1.0
[INFO ] 2024/04/23 12:55:08 (io.reactivex:rxjava:1.3.8) : 1.0
[INFO ] 2024/04/23 12:55:08 (stax:stax-api:1.0.1) : 1.0
[INFO ] 2024/04/23 12:55:08 (io.netty:netty-codec-socks:4.1.84.Final) : 1.0
[INFO ] 2024/04/23 12:55:08 (javax.servlet:servlet-api:2.5) : 1.0
[INFO ] 2024/04/23 12:55:08 (xpp3:xpp3_min:1.1.4c) : 1.0
[INFO ] 2024/04/23 12:55:08 (org.hdrhistogram:HdrHistogram:2.1.9) : 1.0
[INFO ] 2024/04/23 12:55:08 (net.bytebuddy:byte-buddy:1.14.9) : 1.0
[INFO ] 2024/04/23 12:55:08 (org.springdoc:springdoc-openapi-starter-webmvc-api:2.3.0) : 1.0
[INFO ] 2024/04/23 12:55:08 (org.bouncycastle:bcprov-jdk15on:1.70) : 1.0
[INFO ] 2024/04/23 12:55:08 (org.springframework.security:spring-security-config:6.0.2) : 1.0
[INFO ] 2024/04/23 12:55:08 (jakarta.validation:jakarta.validation-api:3.0.2) : 1.0
[INFO ] 2024/04/23 12:55:08 (org.jboss.netty:netty:3.2.9.Final) : 1.0
[INFO ] 2024/04/23 12:55:08 (org.springframework.plugin:spring-plugin-core:3.0.0) : 1.0
[INFO ] 2024/04/23 12:55:08 (org.springframework.security:spring-security-oauth2-resource-server:6.0.2) : 1.0
[INFO ] 2024/04/23 12:55:08 (org.bouncycastle:bcpg-jdk14:1.45) : 1.0
[INFO ] 2024/04/23 12:55:08 (org.springframework.boot:spring-boot-autoconfigure:3.1.5) : 1.0
[INFO ] 2024/04/23 12:55:08 (org.assertj:assertj-core:3.24.2) : 1.0
[INFO ] 2024/04/23 12:55:08 (com.google.protobuf.nano:protobuf-javanano:3.0.0-alpha-5) : 1.0
[INFO ] 2024/04/23 12:55:08 (com.jcraft:jzlib:1.1.3) : 1.0
[INFO ] 2024/04/23 12:55:08 (commons-vfs:commons-vfs:1.0) : 1.0
[INFO ] 2024/04/23 12:55:08 (org.apache.ant:ant:1.9.16) : 1.0
[INFO ] 2024/04/23 12:55:08 (org.fusesource.jansi:jansi:2.4.0) : 1.0
[INFO ] 2024/04/23 12:55:08 (org.springframework.security:spring-security-web:6.0.2) : 1.0
[INFO ] 2024/04/23 12:55:08 (io.micrometer:micrometer-commons:1.12.2) : 1.0
[INFO ] 2024/04/23 12:55:08 (jakarta.persistence:jakarta.persistence-api:3.1.0) : 1.0
[INFO ] 2024/04/23 12:55:08 (org.springframework:spring-tx:5.3.22) : 1.0
[INFO ] 2024/04/23 12:55:08 (org.springframework:spring-orm:6.1.0) : 1.0
[INFO ] 2024/04/23 12:55:08 (io.cloudevents:cloudevents-http-basic:2.2.0) : 1.0
[INFO ] 2024/04/23 12:55:08 (org.apache.commons:commons-csv:1.10.0) : 1.0
[INFO ] 2024/04/23 12:55:08 (org.javassist:javassist:3.27.0-GA) : 1.0
[INFO ] 2024/04/23 12:55:08 (io.netty:netty-codec-http2:4.1.51.Final) : 1.0
[INFO ] 2024/04/23 12:55:08 (org.neo4j.driver:neo4j-java-driver:5.11.0) : 1.0
[INFO ] 2024/04/23 12:55:08 (org.hibernate.validator:hibernate-validator:8.0.1.Final) : 1.0
[INFO ] 2024/04/23 12:55:08 (javax.inject:javax.inject:1) : 1.0
[INFO ] 2024/04/23 12:55:08 (com.querydsl:querydsl-mongodb:5.0.0) : 1.0
[INFO ] 2024/04/23 12:55:08 (commons-net:commons-net:3.6) : 1.0
[INFO ] 2024/04/23 12:55:08 (org.jmolecules:jmolecules-ddd:1.9.0) : 1.0
[INFO ] 2024/04/23 12:55:08 (com.netflix.hystrix:hystrix-core:1.5.12) : 1.0
[INFO ] 2024/04/23 12:55:08 (org.apache.felix:javax.servlet:1.0.0) : 1.0
[INFO ] 2024/04/23 12:55:08 (org.springframework.security:spring-security-oauth2-core:6.0.2) : 1.0
[INFO ] 2024/04/23 12:55:08 (org.springframework.boot:spring-boot-test:3.2.2) : 1.0
[INFO ] 2024/04/23 12:55:08 (com.squareup.okio:okio:1.17.2) : 1.0
[INFO ] 2024/04/23 12:55:08 (com.thoughtworks.proxytoys:proxytoys:1.0) : 1.0
[INFO ] 2024/04/23 12:55:08 (io.netty:netty-transport-native-epoll:4.1.51.Final) : 1.0
[INFO ] 2024/04/23 12:55:08 (org.codehaus.jsr166-mirror:jsr166y:1.7.0) : 1.0
[INFO ] 2024/04/23 12:55:08 (io.swagger.core.v3:swagger-models-jakarta:2.2.19) : 1.0
[INFO ] 2024/04/23 12:55:08 (org.bouncycastle:bcprov-jdk14:1.45) : 1.0
[INFO ] 2024/04/23 12:55:08 (io.netty:netty-buffer:4.1.100.Final) : 1.0
[INFO ] 2024/04/23 12:55:08 (io.netty:netty-handler-proxy:4.1.84.Final) : 1.0
[INFO ] 2024/04/23 12:55:08 (org.springframework.data:spring-data-jdbc:2.2.10) : 1.0
[INFO ] 2024/04/23 12:55:08 (com.google.code.gson:gson:2.8.9) : 1.0
[INFO ] 2024/04/23 12:55:08 (org.jdom:jdom:1.1.3) : 1.0
[INFO ] 2024/04/23 12:55:08 (org.apache.logging.log4j:log4j-core:2.20.0) : 1.0
[INFO ] 2024/04/23 12:55:08 (org.hibernate.orm:hibernate-core:6.1.5.Final) : 1.0
[INFO ] 2024/04/23 12:55:08 (ROOT) : 1.0
[INFO ] 2024/04/23 12:55:08 (ant:ant:1.6.5) : 1.0
[INFO ] 2024/04/23 12:55:08 (org.springframework.boot:spring-boot-starter-tomcat:3.2.2) : 1.0
[INFO ] 2024/04/23 12:55:08 (org.webjars:swagger-ui:5.10.3) : 1.0
[INFO ] 2024/04/23 12:55:08 (org.codehaus.jcsp:jcsp:1.1-rc5) : 1.0
[INFO ] 2024/04/23 12:55:08 (io.vavr:vavr-match-processor:0.10.4) : 1.0
[INFO ] 2024/04/23 12:55:08 (io.micrometer:context-propagation:1.1.0) : 1.0
[INFO ] 2024/04/23 12:55:08 (org.xmlbeam:xmlprojector:1.4.24) : 1.0
[INFO ] 2024/04/23 12:55:08 (org.springframework:spring-messaging:6.0.2) : 1.0
[INFO ] 2024/04/23 12:55:08 (org.jetbrains.kotlin:kotlin-reflect:1.8.22) : 1.0
[INFO ] 2024/04/23 12:55:08 (org.springframework.boot:spring-boot-starter-actuator:3.1.2) : 1.0
[INFO ] 2024/04/23 12:55:08 (com.vaadin.external.google:android-json:0.0.20131108.vaadin1) : 1.0
[INFO ] 2024/04/23 12:55:08 (org.apiguardian:apiguardian-api:1.1.2) : 1.0
[INFO ] 2024/04/23 12:55:08 (org.springframework.boot:spring-boot-starter-validation:3.2.1) : 1.0
[INFO ] 2024/04/23 12:55:08 (jakarta.activation:jakarta.activation-api:2.1.2) : 1.0
[INFO ] 2024/04/23 12:55:08 (io.netty:netty-tcnative:2.0.31.Final) : 1.0
[INFO ] 2024/04/23 12:55:08 (org.springframework:spring-web:5.3.22) : 1.0
[INFO ] 2024/04/23 12:55:08 (org.mongodb:mongodb-driver-sync:4.11.1) : 1.0
[INFO ] 2024/04/23 12:55:08 (org.mockito:mockito-core:5.3.1) : 1.0
[INFO ] 2024/04/23 12:55:08 (org.hibernate.common:hibernate-commons-annotations:6.0.0.CR1) : 1.0
[INFO ] 2024/04/23 12:55:08 (org.eclipse.jetty:jetty-http:9.4.53.v20231009) : 1.0
[INFO ] 2024/04/23 12:55:08 (xml-apis:xml-apis:1.4.01) : 1.0
[INFO ] 2024/04/23 12:55:08 (commons-digester:commons-digester:1.8.1) : 1.0
[INFO ] 2024/04/23 12:55:08 (org.springframework.boot:spring-boot-starter-logging:3.2.2) : 1.0
[INFO ] 2024/04/23 12:55:08 (org.threeten:threetenbp:1.6.8) : 1.0
[INFO ] 2024/04/23 12:55:08 (com.querydsl:querydsl-core:5.0.0) : 1.0
[INFO ] 2024/04/23 12:55:08 (org.codehaus.mojo:animal-sniffer-annotations:1.18) : 1.0
[INFO ] 2024/04/23 12:55:08 (javax.persistence:javax.persistence-api:2.2) : 1.0
[INFO ] 2024/04/23 12:55:08 (com.fasterxml.jackson.datatype:jackson-datatype-jsr310:2.15.2) : 1.0
[INFO ] 2024/04/23 12:55:08 (commons-jxpath:commons-jxpath:1.3) : 1.0
[INFO ] 2024/04/23 12:55:08 (com.conversantmedia:disruptor:1.2.15) : 1.0
[INFO ] 2024/04/23 12:55:08 (org.jdom:jdom2:2.0.5) : 1.0
[INFO ] 2024/04/23 12:55:08 (org.springframework:spring-oxm:6.1.0) : 1.0
[INFO ] 2024/04/23 12:55:08 (org.hibernate:hibernate-entitymanager:5.6.12.Final) : 1.0
[INFO ] 2024/04/23 12:55:08 (ch.qos.logback:logback-core:1.2.11) : 1.0
[INFO ] 2024/04/23 12:55:08 (org.jmolecules.integrations:jmolecules-spring:0.17.0) : 1.0
[INFO ] 2024/04/23 12:55:08 (io.dropwizard.metrics:metrics-core:4.2.19) : 1.0
[INFO ] 2024/04/23 12:55:08 (ant:ant-nodeps:1.6.2) : 1.0
[INFO ] 2024/04/23 12:55:08 (ognl:ognl:3.2.15) : 1.0
[INFO ] 2024/04/23 12:55:08 (org.springframework.boot:spring-boot:2.7.18) : 1.0
[INFO ] 2024/04/23 12:55:08 (ant:ant-trax:1.6.2) : 1.0
[INFO ] 2024/04/23 12:55:08 (io.netty:netty-codec:4.1.51.Final) : 1.0
[INFO ] 2024/04/23 12:55:08 (isorelax:isorelax:20020414) : 1.0
[INFO ] 2024/04/23 12:55:08 (org.scala-lang:scala-library:2.11.7) : 1.0
[INFO ] 2024/04/23 12:55:08 (io.projectreactor.netty:reactor-netty:0.9.11.RELEASE) : 1.0
[INFO ] 2024/04/23 12:55:08 (org.springframework.cloud:spring-cloud-function-context:4.0.0) : 1.0
[INFO ] 2024/04/23 12:55:08 (com.squareup.okhttp3:okhttp:3.14.4) : 1.0
[INFO ] 2024/04/23 12:55:08 (org.jboss.marshalling:jboss-marshalling:2.0.5.Final) : 1.0
[INFO ] 2024/04/23 12:55:08 (io.reactivex.rxjava2:rxjava:2.2.21) : 1.0
[INFO ] 2024/04/23 12:55:08 (javax.annotation:javax.annotation-api:1.3.2) : 1.0
[INFO ] 2024/04/23 12:55:08 (org.kohsuke.metainf-services:metainf-services:1.1) : 1.0
[INFO ] 2024/04/23 12:55:08 (javax.mail:mail:1.4) : 1.0
[INFO ] 2024/04/23 12:55:08 (org.springframework.boot:spring-boot-starter:3.1.5) : 1.0
[INFO ] 2024/04/23 12:55:08 (com.github.jponge:lzma-java:1.3) : 1.0
[INFO ] 2024/04/23 12:55:08 (com.nimbusds:nimbus-jose-jwt:8.14.1) : 1.0
[INFO ] 2024/04/23 12:55:08 (ch.qos.logback:logback-classic:1.2.11) : 1.0
[INFO ] 2024/04/23 12:55:08 (javax.annotation:jsr250-api:1.0) : 1.0
[INFO ] 2024/04/23 12:55:08 (xmlpull:xmlpull:1.1.3.1) : 1.0
[INFO ] 2024/04/23 12:55:08 (org.springframework:spring-webmvc:5.3.22) : 1.0
[INFO ] 2024/04/23 12:55:08 (com.fasterxml.jackson.core:jackson-databind:2.15.2) : 1.0
[INFO ] 2024/04/23 12:55:08 (org.codehaus.jettison:jettison:1.4.1) : 1.0
[INFO ] 2024/04/23 12:55:08 (io.github.x-stream:mxparser:1.2.2) : 1.0
[INFO ] 2024/04/23 12:55:08 (org.mongodb:mongo-java-driver:3.5.0) : 1.0
[INFO ] 2024/04/23 12:55:08 (org.springdoc:springdoc-openapi-starter-webmvc-ui:2.2.0) : 1.0
[INFO ] 2024/04/23 12:55:08 (io.netty:netty-resolver:4.1.104.Final) : 1.0
[INFO ] 2024/04/23 12:55:08 (io.github.classgraph:classgraph:4.8.108) : 1.0
[INFO ] 2024/04/23 12:55:08 (io.micrometer:micrometer-observation:1.12.2) : 1.0
[INFO ] 2024/04/23 12:55:08 (org.atteo:evo-inflector:1.3) : 1.0
[INFO ] 2024/04/23 12:55:08 (com.mysema.commons:mysema-commons-lang:0.2.4) : 1.0
[INFO ] 2024/04/23 12:55:08 (org.apache.commons:commons-compress:1.0) : 1.0
[INFO ] 2024/04/23 12:55:08 (com.github.ben-manes.caffeine:caffeine:2.9.3) : 1.0
[INFO ] 2024/04/23 12:55:08 (org.mongodb:mongodb-driver-reactivestreams:4.6.1) : 1.0
[INFO ] 2024/04/23 12:55:08 (xalan:xalan:2.7.0) : 1.0
[INFO ] 2024/04/23 12:55:08 (javax.ejb:ejb-api:3.0) : 1.0
[INFO ] 2024/04/23 12:55:08 (net.sf.kxml:kxml2-min:2.3.0) : 1.0
[INFO ] 2024/04/23 12:55:08 (org.apache.felix:org.osgi.compendium:1.4.0) : 1.0
[INFO ] 2024/04/23 12:55:08 (org.apache.httpcomponents:httpcore:4.4.16) : 1.0
[INFO ] 2024/04/23 12:55:08 (org.springframework.security:spring-security-oauth2-authorization-server:1.0.1) : 1.0
[INFO ] 2024/04/23 12:55:08 (org.apache.httpcomponents:httpclient:4.5.13) : 1.0
[INFO ] 2024/04/23 12:55:08 (io.reactivex:rxjava-reactive-streams:1.2.1) : 1.0
[INFO ] 2024/04/23 12:55:08 (org.springframework:spring-context:6.0.10) : 1.0
[INFO ] 2024/04/23 12:55:08 (org.apache.tomcat:tomcat-annotations-api:10.1.18) : 1.0
[INFO ] 2024/04/23 12:55:08 (org.aspectj:aspectjweaver:1.9.20.1) : 1.0
[INFO ] 2024/04/23 12:55:08 (com.jcraft:jsch:0.1.55) : 1.0
[INFO ] 2024/04/23 12:55:08 (org.checkerframework:checker-qual:3.33.0) : 1.0
[INFO ] 2024/04/23 12:55:08 (org.eclipse.jdt:ecj:3.26.0) : 1.0
[INFO ] 2024/04/23 12:55:08 (org.jetbrains.kotlin:kotlin-stdlib-jdk7:1.8.20) : 1.0
[INFO ] 2024/04/23 12:55:08 (org.springframework.security:spring-security-crypto:6.0.2) : 1.0
[INFO ] 2024/04/23 12:55:08 (org.apache.tomcat.embed:tomcat-embed-el:10.1.18) : 1.0
[INFO ] 2024/04/23 12:55:08 (org.apache.logging.log4j:log4j-api:2.17.1) : 1.0
[INFO ] 2024/04/23 12:55:08 (org.springframework:spring-expression:5.3.22) : 1.0
[INFO ] 2024/04/23 12:55:08 (io.projectreactor:reactor-test:3.4.31) : 1.0
[INFO ] 2024/04/23 12:55:08 (io.reactivex.rxjava3:rxjava:3.1.6) : 1.0
[INFO ] 2024/04/23 12:55:08 (org.junit.jupiter:junit-jupiter-api:5.9.3) : 1.0
[INFO ] 2024/04/23 12:55:08 (org.springframework.boot:spring-boot-actuator-autoconfigure:3.2.0) : 1.0
[INFO ] 2024/04/23 12:55:08 (javax.money:money-api:1.0.1) : 1.0
[INFO ] 2024/04/23 12:55:08 (org.skyscreamer:jsonassert:1.5.1) : 1.0
[INFO ] 2024/04/23 12:55:08 (org.springframework.data:spring-data-rest-core:4.2.0) : 1.0
[INFO ] 2024/04/23 12:55:08 (org.springframework.boot:spring-boot-starter-data-rest:3.2.0) : 1.0
[INFO ] 2024/04/23 12:55:08 (org.apache.felix:org.osgi.foundation:1.2.0) : 1.0
[INFO ] 2024/04/23 12:55:08 (org.jetbrains.kotlinx:kotlinx-coroutines-reactive:1.4.2) : 1.0
[INFO ] 2024/04/23 12:55:08 (io.netty:netty-codec-haproxy:4.1.51.Final) : 1.0
[INFO ] 2024/04/23 12:55:08 (junit:junit:3.8.1) : 1.0
[INFO ] 2024/04/23 12:55:08 (jdom:jdom:1.0) : 1.0
[INFO ] 2024/04/23 12:55:08 (io.micrometer:micrometer-core:1.3.0) : 1.0
[INFO ] 2024/04/23 12:55:08 (org.springframework.data:spring-data-relational:2.4.14) : 1.0
[INFO ] 2024/04/23 12:55:08 (org.apache.kafka:kafka-clients:3.4.0) : 1.0
[INFO ] 2024/04/23 12:55:08 (jaxen:jaxen:1.1.4) : 1.0
[INFO ] 2024/04/23 12:55:08 (com.thoughtworks.qdox:qdox:1.12.1) : 1.0
[INFO ] 2024/04/23 12:55:08 (io.netty:netty-handler:4.1.5.Final) : 1.0
[INFO ] 2024/04/23 12:55:08 (org.slf4j:slf4j-log4j12:1.7.25) : 1.0
[INFO ] 2024/04/23 12:55:08 (org.slf4j:jul-to-slf4j:1.7.36) : 1.0
[INFO ] 2024/04/23 12:55:08 (org.springframework:spring-beans:6.0.10) : 1.0
[INFO ] 2024/04/23 12:55:08 (msv:msv:20020414) : 1.0
[INFO ] 2024/04/23 12:55:08 (org.apache.ivy:ivy:2.2.0) : 1.0
[INFO ] 2024/04/23 12:55:08 (org.apache.commons:commons-lang3:3.12.0) : 1.0
[INFO ] 2024/04/23 12:55:08 (commons-codec:commons-codec:1.11) : 1.0
[INFO ] 2024/04/23 12:55:08 (org.opentest4j:opentest4j:1.2.0) : 1.0
[INFO ] 2024/04/23 12:55:08 (com.google.protobuf:protobuf-java:3.19.3) : 1.0
[INFO ] 2024/04/23 12:55:08 (io.netty:netty-transport-native-unix-common:4.1.51.Final) : 1.0
[INFO ] 2024/04/23 12:55:08 (commons-logging:commons-logging:1.0.3) : 1.0
[INFO ] 2024/04/23 12:55:08 (org.springframework:spring-jcl:5.3.22) : 1.0
[INFO ] 2024/04/23 12:55:08 (org.jetbrains.kotlin:kotlin-stdlib-common:1.8.22) : 1.0
[INFO ] 2024/04/23 12:55:08 (javax.activation:activation:1.1.1) : 1.0
[INFO ] 2024/04/23 12:55:08 (io.cloudevents:cloudevents-api:2.2.0) : 1.0
[INFO ] 2024/04/23 12:55:08 [org.jetbrains.kotlinx:kotlinx-coroutines-reactive] : 1.0
[INFO ] 2024/04/23 12:55:08 [org.fusesource.jansi:jansi] : 1.0
[INFO ] 2024/04/23 12:55:08 [org.xmlbeam:xmlprojector] : 1.0
[INFO ] 2024/04/23 12:55:08 [org.springframework.boot:spring-boot-starter] : 1.0
[INFO ] 2024/04/23 12:55:08 [ch.qos.logback:logback-classic] : 1.0
[INFO ] 2024/04/23 12:55:08 [org.springframework.boot:spring-boot-autoconfigure] : 1.0
[INFO ] 2024/04/23 12:55:08 [msv:msv] : 1.0
[INFO ] 2024/04/23 12:55:08 [xerces:xercesImpl] : 1.0
[INFO ] 2024/04/23 12:55:08 [org.junit.platform:junit-platform-commons] : 1.0
[INFO ] 2024/04/23 12:55:08 [xom:xom] : 1.0
[INFO ] 2024/04/23 12:55:08 [org.apache.felix:org.osgi.core] : 1.0
[INFO ] 2024/04/23 12:55:08 [org.checkerframework:checker-qual] : 1.0
[INFO ] 2024/04/23 12:55:08 [org.ow2.asm:asm] : 1.0
[INFO ] 2024/04/23 12:55:08 [com.google.protobuf:protobuf-java] : 1.0
[INFO ] 2024/04/23 12:55:08 [org.springframework.security:spring-security-oauth2-core] : 1.0
[INFO ] 2024/04/23 12:55:08 [org.springframework.boot:spring-boot-test-autoconfigure] : 1.0
[INFO ] 2024/04/23 12:55:08 [org.springframework.boot:spring-boot-starter-test] : 1.0
[INFO ] 2024/04/23 12:55:08 [org.springframework:spring-test] : 1.0
[INFO ] 2024/04/23 12:55:08 [jline:jline] : 1.0
[INFO ] 2024/04/23 12:55:08 [com.fasterxml.jackson.dataformat:jackson-dataformat-xml] : 1.0
[INFO ] 2024/04/23 12:55:08 [com.google.guava:guava] : 1.0
[INFO ] 2024/04/23 12:55:08 [org.apache.httpcomponents:httpcore] : 1.0
[INFO ] 2024/04/23 12:55:08 [org.springframework:spring-messaging] : 1.0
[INFO ] 2024/04/23 12:55:08 [logkit:logkit] : 1.0
[INFO ] 2024/04/23 12:55:08 [io.dropwizard.metrics:metrics-core] : 1.0
[INFO ] 2024/04/23 12:55:08 [com.fasterxml:classmate] : 1.0
[INFO ] 2024/04/23 12:55:08 [commons-logging:commons-logging] : 1.0
[INFO ] 2024/04/23 12:55:08 [jakarta.persistence:jakarta.persistence-api] : 1.0
[INFO ] 2024/04/23 12:55:08 [com.google.code.gson:gson] : 1.0
[INFO ] 2024/04/23 12:55:08 [cglib:cglib] : 1.0
[INFO ] 2024/04/23 12:55:08 [org.springdoc:springdoc-openapi-starter-common] : 1.0
[INFO ] 2024/04/23 12:55:08 [com.conversantmedia:disruptor] : 1.0
[INFO ] 2024/04/23 12:55:08 [com.fasterxml.jackson.core:jackson-core] : 1.0
[INFO ] 2024/04/23 12:55:08 [org.bouncycastle:bcpg-jdk14] : 1.0
[INFO ] 2024/04/23 12:55:08 [javax.activation:javax.activation-api] : 1.0
[INFO ] 2024/04/23 12:55:08 [org.eclipse.jetty:jetty-http] : 1.0
[INFO ] 2024/04/23 12:55:08 [com.netflix.archaius:archaius-core] : 1.0
[INFO ] 2024/04/23 12:55:08 [org.springframework.boot:spring-boot-actuator-autoconfigure] : 1.0
[INFO ] 2024/04/23 12:55:08 [org.springframework.data:spring-data-relational] : 1.0
[INFO ] 2024/04/23 12:55:08 [commons-lang:commons-lang] : 1.0
[INFO ] 2024/04/23 12:55:08 [org.springdoc:springdoc-openapi-starter-webmvc-ui] : 1.0
[INFO ] 2024/04/23 12:55:08 [commons-beanutils:commons-beanutils-core] : 1.0
[INFO ] 2024/04/23 12:55:08 [com.github.jponge:lzma-java] : 1.0
[INFO ] 2024/04/23 12:55:08 [org.mongodb:mongodb-driver-core] : 1.0
[INFO ] 2024/04/23 12:55:08 [org.objenesis:objenesis] : 1.0
[INFO ] 2024/04/23 12:55:08 [javax.ejb:ejb-api] : 1.0
[INFO ] 2024/04/23 12:55:08 [org.springframework.plugin:spring-plugin-core] : 1.0
[INFO ] 2024/04/23 12:55:08 [ant:ant] : 1.0
[INFO ] 2024/04/23 12:55:08 [stax:stax-api] : 1.0
[INFO ] 2024/04/23 12:55:08 [org.junit.jupiter:junit-jupiter] : 1.0
[INFO ] 2024/04/23 12:55:08 [log4j:log4j] : 1.0
[INFO ] 2024/04/23 12:55:08 [org.scala-lang:scala-library] : 1.0
[INFO ] 2024/04/23 12:55:08 [javax.servlet:javax.servlet-api] : 1.0
[INFO ] 2024/04/23 12:55:08 [org.springframework.security:spring-security-oauth2-authorization-server] : 1.0
[INFO ] 2024/04/23 12:55:08 [org.eclipse.jetty:jetty-util] : 1.0
[INFO ] 2024/04/23 12:55:08 [io.swagger.core.v3:swagger-models-jakarta] : 1.0
[INFO ] 2024/04/23 12:55:08 [org.springframework.hateoas:spring-hateoas] : 1.0
[INFO ] 2024/04/23 12:55:08 [org.springframework.data:spring-data-rest-core] : 1.0
[INFO ] 2024/04/23 12:55:08 [xalan:xalan] : 1.0
[INFO ] 2024/04/23 12:55:08 [org.jetbrains.kotlinx:kotlinx-coroutines-core] : 1.0
[INFO ] 2024/04/23 12:55:08 [com.thoughtworks.xstream:xstream] : 1.0
[INFO ] 2024/04/23 12:55:08 [org.apache.ant:ant-launcher] : 1.0
[INFO ] 2024/04/23 12:55:08 [com.lmax:disruptor] : 1.0
[INFO ] 2024/04/23 12:55:08 [org.springframework:spring-expression] : 1.0
[INFO ] 2024/04/23 12:55:08 [org.apache.felix:org.osgi.foundation] : 1.0
[INFO ] 2024/04/23 12:55:08 [org.mongodb:mongodb-driver-reactivestreams] : 1.0
[INFO ] 2024/04/23 12:55:08 [org.jetbrains.kotlin:kotlin-stdlib] : 1.0
[INFO ] 2024/04/23 12:55:08 [org.apache.tomcat.embed:tomcat-embed-core] : 1.0
[INFO ] 2024/04/23 12:55:08 [net.bytebuddy:byte-buddy-agent] : 1.0
[INFO ] 2024/04/23 12:55:08 [org.springframework:spring-core] : 1.0
[INFO ] 2024/04/23 12:55:08 [org.springframework.data:spring-data-mongodb] : 1.0
[INFO ] 2024/04/23 12:55:08 [net.sf.kxml:kxml2-min] : 1.0
[INFO ] 2024/04/23 12:55:08 [org.mongodb:mongo-java-driver] : 1.0
[INFO ] 2024/04/23 12:55:08 [org.slf4j:slf4j-log4j12] : 1.0
[INFO ] 2024/04/23 12:55:08 [io.vavr:vavr] : 1.0
[INFO ] 2024/04/23 12:55:08 [io.netty:netty-buffer] : 1.0
[INFO ] 2024/04/23 12:55:08 [org.jetbrains.kotlin:kotlin-stdlib-jdk7] : 1.0
[INFO ] 2024/04/23 12:55:08 [xmlpull:xmlpull] : 1.0
[INFO ] 2024/04/23 12:55:08 [org.jetbrains.kotlin:kotlin-stdlib-jdk8] : 1.0
[INFO ] 2024/04/23 12:55:08 [javax.mail:mail] : 1.0
[INFO ] 2024/04/23 12:55:08 [com.vaadin.external.google:android-json] : 1.0
[INFO ] 2024/04/23 12:55:08 [io.cloudevents:cloudevents-spring] : 1.0
[INFO ] 2024/04/23 12:55:08 [commons-vfs:commons-vfs] : 1.0
[INFO ] 2024/04/23 12:55:08 [org.springframework.boot:spring-boot-actuator] : 1.0
[INFO ] 2024/04/23 12:55:08 [javax.activation:activation] : 1.0
[INFO ] 2024/04/23 12:55:08 [org.apache.felix:javax.servlet] : 1.0
[INFO ] 2024/04/23 12:55:08 [com.squareup.okio:okio] : 1.0
[INFO ] 2024/04/23 12:55:08 [commons-codec:commons-codec] : 1.0
[INFO ] 2024/04/23 12:55:08 [dom4j:dom4j] : 1.0
[INFO ] 2024/04/23 12:55:08 [org.jetbrains.kotlin:kotlin-reflect] : 1.0
[INFO ] 2024/04/23 12:55:08 [org.codehaus.jettison:jettison] : 1.0
[INFO ] 2024/04/23 12:55:08 [org.bouncycastle:bcprov-jdk15on] : 1.0
[INFO ] 2024/04/23 12:55:08 [org.jetbrains.kotlin:kotlin-stdlib-common] : 1.0
[INFO ] 2024/04/23 12:55:08 [com.fasterxml.jackson.datatype:jackson-datatype-hibernate6] : 1.0
[INFO ] 2024/04/23 12:55:08 [com.github.stephenc.jcip:jcip-annotations] : 1.0
[INFO ] 2024/04/23 12:55:08 [io.netty:netty-tcnative] : 1.0
[INFO ] 2024/04/23 12:55:08 [org.latencyutils:LatencyUtils] : 1.0
[INFO ] 2024/04/23 12:55:08 [commons-net:commons-net] : 1.0
[INFO ] 2024/04/23 12:55:08 [joda-time:joda-time] : 1.0
[INFO ] 2024/04/23 12:55:08 [io.projectreactor.netty:reactor-netty] : 1.0
[INFO ] 2024/04/23 12:55:08 [ch.qos.logback:logback-core] : 1.0
[INFO ] 2024/04/23 12:55:08 [org.jmolecules.integrations:jmolecules-spring] : 1.0
[INFO ] 2024/04/23 12:55:08 [org.springframework.boot:spring-boot-starter-tomcat] : 1.0
[INFO ] 2024/04/23 12:55:08 [com.querydsl:querydsl-core] : 1.0
[INFO ] 2024/04/23 12:55:08 [org.codehaus.janino:commons-compiler] : 1.0
[INFO ] 2024/04/23 12:55:08 [org.apache.tomcat.embed:tomcat-embed-el] : 1.0
[INFO ] 2024/04/23 12:55:08 [com.google.code.findbugs:jsr305] : 1.0
[INFO ] 2024/04/23 12:55:08 [org.jdom:jdom] : 1.0
[INFO ] 2024/04/23 12:55:08 [org.aspectj:aspectjweaver] : 1.0
[INFO ] 2024/04/23 12:55:08 [org.eclipse.jetty:jetty-io] : 1.0
[INFO ] 2024/04/23 12:55:08 [io.netty:netty-transport] : 1.0
[INFO ] 2024/04/23 12:55:08 [org.hibernate.common:hibernate-commons-annotations] : 1.0
[INFO ] 2024/04/23 12:55:08 [net.sf.ehcache:ehcache] : 1.0
[INFO ] 2024/04/23 12:55:08 [org.springframework:spring-webmvc] : 1.0
[INFO ] 2024/04/23 12:55:08 [org.codehaus.jsr166-mirror:jsr166y] : 1.0
[INFO ] 2024/04/23 12:55:08 [xpp3:xpp3_min] : 1.0
[INFO ] 2024/04/23 12:55:08 [org.springframework.data:spring-data-commons] : 1.0
[INFO ] 2024/04/23 12:55:08 [io.micrometer:micrometer-observation] : 1.0
[INFO ] 2024/04/23 12:55:08 [io.cloudevents:cloudevents-api] : 1.0
[INFO ] 2024/04/23 12:55:08 [org.apache.commons:commons-lang3] : 1.0
[INFO ] 2024/04/23 12:55:08 [org.apache.groovy:groovy] : 1.0
[INFO ] 2024/04/23 12:55:08 [jakarta.annotation:jakarta.annotation-api] : 1.0
[INFO ] 2024/04/23 12:55:08 [eu.neilalexander:jnacl] : 1.0
[INFO ] 2024/04/23 12:55:08 [com.fasterxml.jackson.core:jackson-annotations] : 1.0
[INFO ] 2024/04/23 12:55:08 [com.querydsl:codegen-utils] : 1.0
[INFO ] 2024/04/23 12:55:08 [io.netty:netty-handler] : 1.0
[INFO ] 2024/04/23 12:55:08 [bsf:bsf] : 1.0
[INFO ] 2024/04/23 12:55:08 [relaxngDatatype:relaxngDatatype] : 1.0
[INFO ] 2024/04/23 12:55:08 [org.bouncycastle:bcpkix-jdk15on] : 1.0
[INFO ] 2024/04/23 12:55:08 [io.netty:netty-transport-native-kqueue] : 1.0
[INFO ] 2024/04/23 12:55:08 [io.cloudevents:cloudevents-core] : 1.0
[INFO ] 2024/04/23 12:55:08 [org.jboss.spec.javax.transaction:jboss-transaction-api_1.2_spec] : 1.0
[INFO ] 2024/04/23 12:55:08 [org.codehaus.groovy:groovy-all] : 1.0
[INFO ] 2024/04/23 12:55:08 [org.springframework.data:spring-data-jdbc] : 1.0
[INFO ] 2024/04/23 12:55:08 [org.slf4j:slf4j-api] : 1.0
[INFO ] 2024/04/23 12:55:08 [io.netty:netty-transport-native-unix-common] : 1.0
[INFO ] 2024/04/23 12:55:08 [org.reactivestreams:reactive-streams] : 1.0
[INFO ] 2024/04/23 12:55:08 [io.projectreactor:reactor-test] : 1.0
[INFO ] 2024/04/23 12:55:08 [com.netflix.hystrix:hystrix-core] : 1.0
[INFO ] 2024/04/23 12:55:08 [io.netty:netty-resolver] : 1.0
[INFO ] 2024/04/23 12:55:08 [io.swagger.core.v3:swagger-core-jakarta] : 1.0
[INFO ] 2024/04/23 12:55:08 [org.springframework.cloud:spring-cloud-function-web] : 1.0
[INFO ] 2024/04/23 12:55:08 [com.fasterxml.jackson.core:jackson-databind] : 1.0
[INFO ] 2024/04/23 12:55:08 [org.springframework.boot:spring-boot-configuration-processor] : 1.0
[INFO ] 2024/04/23 12:55:08 [org.mockito:mockito-core] : 1.0
[INFO ] 2024/04/23 12:55:08 [org.openjfx:javafx-base] : 1.0
[INFO ] 2024/04/23 12:55:08 [org.codehaus.mojo:animal-sniffer-annotations] : 1.0
[INFO ] 2024/04/23 12:55:08 [commons-collections:commons-collections] : 1.0
[INFO ] 2024/04/23 12:55:08 [org.apiguardian:apiguardian-api] : 1.0
[INFO ] 2024/04/23 12:55:08 [org.apache.ivy:ivy] : 1.0
[INFO ] 2024/04/23 12:55:08 [junit:junit] : 1.0
[INFO ] 2024/04/23 12:55:08 [com.fasterxml.jackson.datatype:jackson-datatype-jsr310] : 1.0
[INFO ] 2024/04/23 12:55:08 [org.hibernate:hibernate-entitymanager] : 1.0
[INFO ] 2024/04/23 12:55:08 [org.apache.logging.log4j:log4j-core] : 1.0
[INFO ] 2024/04/23 12:55:08 [org.springframework.security:spring-security-crypto] : 1.0
[INFO ] 2024/04/23 12:55:08 [oro:oro] : 1.0
[INFO ] 2024/04/23 12:55:08 [org.bouncycastle:bcprov-jdk14] : 1.0
[INFO ] 2024/04/23 12:55:08 [org.webjars:swagger-ui] : 1.0
[INFO ] 2024/04/23 12:55:08 [io.netty:netty-common] : 1.0
[INFO ] 2024/04/23 12:55:08 [org.jetbrains.kotlinx:kotlinx-coroutines-reactor] : 1.0
[INFO ] 2024/04/23 12:55:08 [commons-configuration:commons-configuration] : 1.0
[INFO ] 2024/04/23 12:55:08 [io.reactivex.rxjava2:rxjava] : 1.0
[INFO ] 2024/04/23 12:55:08 [javax.annotation:jsr250-api] : 1.0
[INFO ] 2024/04/23 12:55:08 [com.jcraft:jsch] : 1.0
[INFO ] 2024/04/23 12:55:08 [io.vavr:vavr-match-processor] : 1.0
[INFO ] 2024/04/23 12:55:08 [io.swagger.core.v3:swagger-annotations-jakarta] : 1.0
[INFO ] 2024/04/23 12:55:08 [org.springframework.security:spring-security-web] : 1.0
[INFO ] 2024/04/23 12:55:08 [org.codehaus.jcsp:jcsp] : 1.0
[INFO ] 2024/04/23 12:55:08 [org.codehaus.janino:janino] : 1.0
[INFO ] 2024/04/23 12:55:08 [aopalliance:aopalliance] : 1.0
[INFO ] 2024/04/23 12:55:08 [org.codehaus.gpars:gpars] : 1.0
[INFO ] 2024/04/23 12:55:08 [org.hibernate.orm:hibernate-core] : 1.0
[INFO ] 2024/04/23 12:55:08 [org.springframework:spring-aop] : 1.0
[INFO ] 2024/04/23 12:55:08 [org.eclipse.jdt:ecj] : 1.0
[INFO ] 2024/04/23 12:55:08 [com.jcraft:jzlib] : 1.0
[INFO ] 2024/04/23 12:55:08 [com.fasterxml.jackson.module:jackson-module-kotlin] : 1.0
[INFO ] 2024/04/23 12:55:08 [org.springframework.cloud:spring-cloud-function-context] : 1.0
[INFO ] 2024/04/23 12:55:08 [org.kohsuke.metainf-services:metainf-services] : 1.0
[INFO ] 2024/04/23 12:55:08 [com.querydsl:querydsl-collections] : 1.0
[INFO ] 2024/04/23 12:55:08 [com.querydsl:querydsl-mongodb] : 1.0
[INFO ] 2024/04/23 12:55:08 [org.eclipse.jetty:jetty-server] : 1.0
[INFO ] 2024/04/23 12:55:08 [org.apache.ant:ant] : 1.0
[INFO ] 2024/04/23 12:55:08 [org.springframework:spring-context] : 1.0
[INFO ] 2024/04/23 12:55:08 [javax.inject:javax.inject] : 1.0
[INFO ] 2024/04/23 12:55:08 [xml-apis:xml-apis] : 1.0
[INFO ] 2024/04/23 12:55:08 [isorelax:isorelax] : 1.0
[INFO ] 2024/04/23 12:55:08 [org.javassist:javassist] : 1.0
[INFO ] 2024/04/23 12:55:08 [com.fasterxml.jackson.dataformat:jackson-dataformat-yaml] : 1.0
[INFO ] 2024/04/23 12:55:08 [org.jboss.marshalling:jboss-marshalling] : 1.0
[INFO ] 2024/04/23 12:55:08 [commons-beanutils:commons-beanutils] : 1.0
[INFO ] 2024/04/23 12:55:08 [com.ning:compress-lzf] : 1.0
[INFO ] 2024/04/23 12:55:08 [org.hdrhistogram:HdrHistogram] : 1.0
[INFO ] 2024/04/23 12:55:08 [org.springframework.boot:spring-boot-starter-logging] : 1.0
[INFO ] 2024/04/23 12:55:08 [io.micrometer:context-propagation] : 1.0
[INFO ] 2024/04/23 12:55:08 [org.springframework.data:spring-data-rest-webmvc] : 1.0
[INFO ] 2024/04/23 12:55:08 [com.querydsl:querydsl-apt] : 1.0
[INFO ] 2024/04/23 12:55:08 [io.netty:netty-codec-http2] : 1.0
[INFO ] 2024/04/23 12:55:08 [jakarta.activation:jakarta.activation-api] : 1.0
[INFO ] 2024/04/23 12:55:08 [com.squareup.okhttp3:okhttp] : 1.0
[INFO ] 2024/04/23 12:55:08 [io.netty:netty-codec-socks] : 1.0
[INFO ] 2024/04/23 12:55:08 [org.opentest4j:opentest4j] : 1.0
[INFO ] 2024/04/23 12:55:08 [stax:stax] : 1.0
[INFO ] 2024/04/23 12:55:08 [com.thoughtworks.paranamer:paranamer] : 1.0
[INFO ] 2024/04/23 12:55:08 [com.google.crypto.tink:tink] : 1.0
[INFO ] 2024/04/23 12:55:08 [io.micrometer:micrometer-tracing] : 1.0
[INFO ] 2024/04/23 12:55:08 [org.apache.kafka:kafka-clients] : 1.0
[INFO ] 2024/04/23 12:55:08 [org.springframework.boot:spring-boot-test] : 1.0
[INFO ] 2024/04/23 12:55:08 [io.github.classgraph:classgraph] : 1.0
[INFO ] 2024/04/23 12:55:08 [com.fasterxml.woodstox:woodstox-core] : 1.0
[INFO ] 2024/04/23 12:55:08 [org.junit.jupiter:junit-jupiter-api] : 1.0
[INFO ] 2024/04/23 12:55:08 [org.jetbrains:annotations] : 1.0
[INFO ] 2024/04/23 12:55:08 [io.cloudevents:cloudevents-http-basic] : 1.0
[INFO ] 2024/04/23 12:55:08 [ant:ant-trax] : 1.0
[INFO ] 2024/04/23 12:55:08 [org.springframework:spring-jcl] : 1.0
[INFO ] 2024/04/23 12:55:08 [org.zeromq:jeromq] : 1.0
[INFO ] 2024/04/23 12:55:08 [io.projectreactor:reactor-core] : 1.0
[INFO ] 2024/04/23 12:55:08 [io.micrometer:micrometer-commons] : 1.0
[INFO ] 2024/04/23 12:55:08 [org.springframework.security:spring-security-core] : 1.0
[INFO ] 2024/04/23 12:55:08 [javax.persistence:javax.persistence-api] : 1.0
[INFO ] 2024/04/23 12:55:08 [com.fasterxml.jackson.datatype:jackson-datatype-jdk8] : 1.0
[INFO ] 2024/04/23 12:55:08 [com.google.errorprone:error_prone_annotations] : 1.0
[INFO ] 2024/04/23 12:55:08 [org.springframework.security:spring-security-oauth2-resource-server] : 1.0
[INFO ] 2024/04/23 12:55:08 [com.hazelcast:hazelcast] : 1.0
[INFO ] 2024/04/23 12:55:08 [com.thoughtworks.qdox:qdox] : 1.0
[INFO ] 2024/04/23 12:55:08 [com.googlecode.json-simple:json-simple] : 1.0
[INFO ] 2024/04/23 12:55:08 [net.jpountz.lz4:lz4] : 1.0
[INFO ] 2024/04/23 12:55:08 [org.xmlunit:xmlunit-core] : 1.0
[INFO ] 2024/04/23 12:55:08 [javax.cache:cache-api] : 1.0
[INFO ] 2024/04/23 12:55:08 [javax.annotation:javax.annotation-api] : 1.0
[INFO ] 2024/04/23 12:55:08 [io.micrometer:micrometer-core] : 1.0
[INFO ] 2024/04/23 12:55:08 [org.springframework.boot:spring-boot] : 1.0
[INFO ] 2024/04/23 12:55:08 [commons-jxpath:commons-jxpath] : 1.0
[INFO ] 2024/04/23 12:55:08 [javax.money:money-api] : 1.0
[INFO ] 2024/04/23 12:55:08 [com.thoughtworks.proxytoys:proxytoys] : 1.0
[INFO ] 2024/04/23 12:55:08 [javax.servlet:servlet-api] : 1.0
[INFO ] 2024/04/23 12:55:08 [org.hamcrest:hamcrest] : 1.0
[INFO ] 2024/04/23 12:55:08 [ant:ant-nodeps] : 1.0
[INFO ] 2024/04/23 12:55:08 [com.google.protobuf.nano:protobuf-javanano] : 1.0
[INFO ] 2024/04/23 12:55:08 [org.springframework.boot:spring-boot-starter-validation] : 1.0
[INFO ] 2024/04/23 12:55:08 [cglib:cglib-nodep] : 1.0
[INFO ] 2024/04/23 12:55:08 [org.mybatis:mybatis] : 1.0
[INFO ] 2024/04/23 12:55:08 [xerces:xmlParserAPIs] : 1.0
[INFO ] 2024/04/23 12:55:08 [com.querydsl:querydsl-codegen] : 1.0
[INFO ] 2024/04/23 12:55:08 [org.jboss.logging:jboss-logging] : 1.0
[INFO ] 2024/04/23 12:55:08 [ognl:ognl] : 1.0
[INFO ] 2024/04/23 12:55:08 [jakarta.transaction:jakarta.transaction-api] : 1.0
[INFO ] 2024/04/23 12:55:08 [io.netty:netty-handler-proxy] : 1.0
[INFO ] 2024/04/23 12:55:08 [commons-httpclient:commons-httpclient] : 1.0
[INFO ] 2024/04/23 12:55:08 [io.reactivex.rxjava3:rxjava] : 1.0
[INFO ] 2024/04/23 12:55:08 [org.slf4j:jul-to-slf4j] : 1.0
[INFO ] 2024/04/23 12:55:08 [org.springframework:spring-orm] : 1.0
[INFO ] 2024/04/23 12:55:08 [org.apache.commons:commons-compress] : 1.0
[INFO ] 2024/04/23 12:55:08 [org.jctools:jctools-core] : 1.0
[INFO ] 2024/04/23 12:55:08 [commons-digester:commons-digester] : 1.0
[INFO ] 2024/04/23 12:55:08 [org.springframework.boot:spring-boot-starter-actuator] : 1.0
[INFO ] 2024/04/23 12:55:08 [org.codehaus.woodstox:stax2-api] : 1.0
[INFO ] 2024/04/23 12:55:08 [com.github.ben-manes.caffeine:caffeine] : 1.0
[INFO ] 2024/04/23 12:55:08 [io.netty:netty-codec-haproxy] : 1.0
[INFO ] 2024/04/23 12:55:08 [org.mongodb:bson] : 1.0
[INFO ] 2024/04/23 12:55:08 [org.assertj:assertj-core] : 1.0
[INFO ] 2024/04/23 12:55:08 [org.mockito:mockito-junit-jupiter] : 1.0
[INFO ] 2024/04/23 12:55:08 [org.jdom:jdom2] : 1.0
[INFO ] 2024/04/23 12:55:08 [javax.validation:validation-api] : 1.0
[INFO ] 2024/04/23 12:55:08 [org.apache.httpcomponents:httpclient] : 1.0
[INFO ] 2024/04/23 12:55:08 [net.jodah:typetools] : 1.0
[INFO ] 2024/04/23 12:55:08 [org.springframework:spring-beans] : 1.0
[INFO ] 2024/04/23 12:55:08 [com.github.therapi:therapi-runtime-javadoc] : 1.0
[INFO ] 2024/04/23 12:55:08 [org.apache.tomcat.embed:tomcat-embed-websocket] : 1.0
[INFO ] 2024/04/23 12:55:08 [com.mysema.commons:mysema-commons-lang] : 1.0
[INFO ] 2024/04/23 12:55:08 [org.yaml:snakeyaml] : 1.0
[INFO ] 2024/04/23 12:55:08 [org.mongodb:mongodb-driver-sync] : 1.0
[INFO ] 2024/04/23 12:55:08 [jakarta.validation:jakarta.validation-api] : 1.0
[INFO ] 2024/04/23 12:55:08 [io.github.x-stream:mxparser] : 1.0
[INFO ] 2024/04/23 12:55:08 [io.vavr:vavr-match] : 1.0
[INFO ] 2024/04/23 12:55:08 [org.jboss.netty:netty] : 1.0
[INFO ] 2024/04/23 12:55:08 [org.apache.logging.log4j:log4j-api] : 1.0
[INFO ] 2024/04/23 12:55:08 [org.jboss.logging:jboss-logging-spi] : 1.0
[INFO ] 2024/04/23 12:55:08 [org.springframework.boot:spring-boot-starter-web] : 1.0
[INFO ] 2024/04/23 12:55:08 [io.netty:netty-codec] : 1.0
[INFO ] 2024/04/23 12:55:08 [org.springframework:spring-webflux] : 1.0
[INFO ] 2024/04/23 12:55:08 [net.bytebuddy:byte-buddy] : 1.0
[INFO ] 2024/04/23 12:55:08 [org.springframework:spring-web] : 1.0
[INFO ] 2024/04/23 12:55:08 [org.atteo:evo-inflector] : 1.0
[INFO ] 2024/04/23 12:55:08 [io.reactivex:rxjava] : 1.0
[INFO ] 2024/04/23 12:55:08 [org.springframework:spring-jdbc] : 1.0
[INFO ] 2024/04/23 12:55:08 [org.apache.commons:commons-csv] : 1.0
[INFO ] 2024/04/23 12:55:08 [org.threeten:threetenbp] : 1.0
[INFO ] 2024/04/23 12:55:08 [com.nimbusds:nimbus-jose-jwt] : 1.0
[INFO ] 2024/04/23 12:55:08 [org.jvnet.hudson:annotation-indexer] : 1.0
[INFO ] 2024/04/23 12:55:08 [org.eclipse.jetty:jetty-jmx] : 1.0
[INFO ] 2024/04/23 12:55:08 [com.jayway.jsonpath:json-path] : 1.0
[INFO ] 2024/04/23 12:55:08 [org.springframework.security:spring-security-config] : 1.0
[INFO ] 2024/04/23 12:55:08 [org.springframework:spring-oxm] : 1.0
[INFO ] 2024/04/23 12:55:08 [io.reactivex:rxjava-reactive-streams] : 1.0
[INFO ] 2024/04/23 12:55:08 [org.apache.felix:org.osgi.compendium] : 1.0
[INFO ] 2024/04/23 12:55:08 [org.springframework.boot:spring-boot-starter-data-rest] : 1.0
[INFO ] 2024/04/23 12:55:08 [io.netty:netty-codec-http] : 1.0
[INFO ] 2024/04/23 12:55:08 [org.multiverse:multiverse-core] : 1.0
[INFO ] 2024/04/23 12:55:08 [org.apache.logging.log4j:log4j-to-slf4j] : 1.0
[INFO ] 2024/04/23 12:55:08 [org.junit.jupiter:junit-jupiter-params] : 1.0
[INFO ] 2024/04/23 12:55:08 [org.springframework.boot:spring-boot-starter-json] : 1.0
[INFO ] 2024/04/23 12:55:08 [org.skyscreamer:jsonassert] : 1.0
[INFO ] 2024/04/23 12:55:08 [jakarta.xml.bind:jakarta.xml.bind-api] : 1.0
[INFO ] 2024/04/23 12:55:08 [org.hibernate.validator:hibernate-validator] : 1.0
[INFO ] 2024/04/23 12:55:08 [jdom:jdom] : 1.0
[INFO ] 2024/04/23 12:55:08 [org.springframework.cloud:spring-cloud-function-core] : 1.0
[INFO ] 2024/04/23 12:55:08 [jaxen:jaxen] : 1.0
[INFO ] 2024/04/23 12:55:08 [io.netty:netty-transport-native-epoll] : 1.0
[INFO ] 2024/04/23 12:55:08 [org.apache.tomcat:tomcat-annotations-api] : 1.0
[INFO ] 2024/04/23 12:55:08 [org.springframework:spring-tx] : 1.0
[INFO ] 2024/04/23 12:55:08 [org.jmolecules:jmolecules-ddd] : 1.0
[INFO ] 2024/04/23 12:55:08 [org.springdoc:springdoc-openapi-starter-webmvc-api] : 1.0
[INFO ] 2024/04/23 12:55:08 [org.neo4j.driver:neo4j-java-driver] : 1.0
[INFO ] 2024/04/23 12:55:08 [saxpath:saxpath] : 1.0
[INFO ] 2024/04/23 12:55:08 ROOT==>org.springframework.boot:spring-boot-starter-test:2.7.18 (e8338) : 1.0
[INFO ] 2024/04/23 12:55:08 ROOT==>com.googlecode.json-simple:json-simple:1.1.1 (e8323) : 1.0
[INFO ] 2024/04/23 12:55:08 ROOT==>org.neo4j.driver:neo4j-java-driver:5.11.0 (e8299) : 1.0
[INFO ] 2024/04/23 12:55:08 ROOT==>org.springframework.boot:spring-boot-starter-web:3.2.1 (e8358) : 1.0
[INFO ] 2024/04/23 12:55:08 ROOT==>org.springdoc:springdoc-openapi-starter-webmvc-ui:2.2.0 (e8321) : 1.0
[INFO ] 2024/04/23 12:55:08 ROOT==>org.springframework.boot:spring-boot-starter-validation:3.2.1 (e8311) : 1.0
[INFO ] 2024/04/23 12:55:08 QUALITY : 152850.5552378165
[INFO ] 2024/04/23 12:55:08 COST : 0.0018000001800189127
[INFO ] 2024/04/23 12:55:08 Quality[POPULARITY_1_YEAR] : 303292.7716271882
[INFO ] 2024/04/23 12:55:08 Quality[FRESHNESS] : 2408.338848444738
[INFO ] 2024/04/23 12:55:08 Time to solve (ms): 1387
[ERROR ] 2024/04/23 12:55:08 Could not update project
[INFO ] 2024/04/23 12:55:08 Max memory usage (Mo): 588
[INFO ] 2024/04/23 12:55:08 Total execution time (ms): 35455
